[2026-05-26T21:53:08] $ 'C:\Users\mostg\OneDrive\Coding\Syndicate\.venv\Scripts\python.exe' 'C:\Users\mostg\OneDrive\Coding\Syndicate\scripts\fetch_basketball_oddsapi_props_local.py' --league nba --date 2026-05-26 --out 'C:\Users\mostg\OneDrive\Coding\Syndicate\vendor\nba_betting_repo\data\raw\odds_nba_player_props_2026-05-26.csv' --regions us
Wrote C:\Users\mostg\OneDrive\Coding\Syndicate\vendor\nba_betting_repo\data\raw\odds_nba_player_props_2026-05-26.csv with 2151 rows.
[2026-05-26T21:53:10] Materialized processed OddsAPI props snapshot alias: C:\Users\mostg\OneDrive\Coding\Syndicate\vendor\nba_betting_repo\data\processed\oddsapi_player_props_2026-05-26.csv (rows=2151)
[WARN] Props model artifacts missing; using priors + rolling-stat fallback predictions
Traceback (most recent call last):
  File "C:\Users\mostg\OneDrive\Coding\Syndicate\syndicate\features\shared\basketball_props_predictions.py", line 414, in export_props_predictions_local
    basketball_props_smart_sim.export_props_predictions_with_smart_sim_local(
  File "C:\Users\mostg\OneDrive\Coding\Syndicate\syndicate\features\shared\basketball_props_smart_sim.py", line 4746, in export_props_predictions_with_smart_sim_local
    raise RuntimeError(reason)
RuntimeError: SmartSim produced no player rows for 2026-05-26
[2026-05-26T21:53:37] predict-props returned exit code 1 but downstream artifacts already exist for 2026-05-26; continuing
[2026-05-26T21:53:37] $ 'C:\Users\mostg\OneDrive\Coding\Syndicate\.venv\Scripts\python.exe' -m nba_betting.cli fetch-schedule
─────────────────────────────── Fetch Schedule ────────────────────────────────
Failed to fetch schedule: Failed to fetch NBA schedule payload: 403 Client 
Error: Forbidden for url: 
https://cdn.nba.com/static/json/staticData/scheduleLeagueV2_1.json
[2026-05-26T21:53:39] $ 'C:\Users\mostg\OneDrive\Coding\Syndicate\.venv\Scripts\python.exe' -m nba_betting.cli predict-date --date 2026-05-26
─────────────────────────────── Predict (Date) ────────────────────────────────
C:\Users\mostg\OneDrive\Coding\Syndicate\vendor\nba_betting_repo\src\nba_betting\cli.py:13024: DeprecationWarning: ScoreboardV2 has known issues with line score data for 2025-26 season games (October 22 - December 25, 2025). Please use ScoreboardV3 instead. ScoreboardV3 is fully backward compatible and works for all historical seasons. See: https://github.com/swar/nba_api/issues/596
  sb = scoreboardv2.ScoreboardV2(game_date=date_str, day_offset=0, timeout=30)
Scoreboard fetch failed (Scoreboard returned empty tables); trying fallbacks 
for 2026-05-26.
Updating Elo ---------------------------------------- 100% 0:00:00
[Building enhanced features (45 features)...]

======================================================================
ENHANCED FEATURE ENGINEERING
======================================================================

[1/3] Building base features (ELO, rest, form, schedule)...
Built 44 base features

[2/3] Adding advanced statistics (pace, efficiency, Four Factors)...
Loaded advanced stats from C:\Users\mostg\OneDrive\Coding\Syndicate\vendor\nba_betting_repo\data\processed\team_advanced_stats_2025.csv
Added 13 advanced stats features
Added 19 advanced stat features

[3/3] Adding injury impact features...
No injury data found. Run: python -m nba_betting.cli fetch-injuries
Added 9 injury features

======================================================================
TOTAL FEATURES: 72
======================================================================

[NPU] Using NPU-accelerated predictions (ONNX + QNN)
[INFO][LOADING] Loading NBA Game Models with NPU acceleration...
[OK] Loaded 56 game features from feature_columns_enhanced.joblib
[OK] WIN_PROB loaded (CPU fallback from win_prob_enhanced.joblib)
[OK] SPREAD_MARGIN loaded (CPU fallback from spread_margin_enhanced.joblib)
[OK] TOTALS loaded (CPU fallback from totals_enhanced.joblib)
[OK] Loaded halves models: 6 CPU (ONNX not available)
[OK] Loaded quarters models: 12 CPU (ONNX not available)
[READY] Ready with 21 models (0 NPU-accelerated)
Traceback (most recent call last):
  File "<frozen runpy>", line 198, in _run_module_as_main
  File "<frozen runpy>", line 88, in _run_code
  File "C:\Users\mostg\OneDrive\Coding\Syndicate\vendor\nba_betting_repo\src\nba_betting\cli.py", line 15310, in <module>
    cli()
  File "C:\Users\mostg\OneDrive\Coding\Syndicate\.venv\Lib\site-packages\click\core.py", line 1157, in __call__
    return self.main(*args, **kwargs)
           ^^^^^^^^^^^^^^^^^^^^^^^^^^
  File "C:\Users\mostg\OneDrive\Coding\Syndicate\.venv\Lib\site-packages\click\core.py", line 1078, in main
    rv = self.invoke(ctx)
         ^^^^^^^^^^^^^^^^
  File "C:\Users\mostg\OneDrive\Coding\Syndicate\.venv\Lib\site-packages\click\core.py", line 1688, in invoke
    return _process_result(sub_ctx.command.invoke(sub_ctx))
                           ^^^^^^^^^^^^^^^^^^^^^^^^^^^^^^^
  File "C:\Users\mostg\OneDrive\Coding\Syndicate\.venv\Lib\site-packages\click\core.py", line 1434, in invoke
    return ctx.invoke(self.callback, **ctx.params)
           ^^^^^^^^^^^^^^^^^^^^^^^^^^^^^^^^^^^^^^^
  File "C:\Users\mostg\OneDrive\Coding\Syndicate\.venv\Lib\site-packages\click\core.py", line 783, in invoke
    return __callback(*args, **kwargs)
           ^^^^^^^^^^^^^^^^^^^^^^^^^^^
  File "C:\Users\mostg\OneDrive\Coding\Syndicate\vendor\nba_betting_repo\src\nba_betting\cli.py", line 13079, in predict_date_cmd
    res = _predict_from_matchups(slate)
          ^^^^^^^^^^^^^^^^^^^^^^^^^^^^^
  File "C:\Users\mostg\OneDrive\Coding\Syndicate\vendor\nba_betting_repo\src\nba_betting\cli.py", line 12347, in _predict_from_matchups
    npu_results = npu_predictor.predict_batch(X_np, include_periods=True)
                  ^^^^^^^^^^^^^^^^^^^^^^^^^^^^^^^^^^^^^^^^^^^^^^^^^^^^^^^
  File "C:\Users\mostg\OneDrive\Coding\Syndicate\vendor\nba_betting_repo\src\nba_betting\games_npu.py", line 396, in predict_batch
    prediction = self.predict_game(game_features, include_periods)
                 ^^^^^^^^^^^^^^^^^^^^^^^^^^^^^^^^^^^^^^^^^^^^^^^^^
  File "C:\Users\mostg\OneDrive\Coding\Syndicate\vendor\nba_betting_repo\src\nba_betting\games_npu.py", line 320, in predict_game
    result = model.predict(features)
             ^^^^^^^^^^^^^^^^^^^^^^^
  File "C:\Users\mostg\OneDrive\Coding\Syndicate\.venv\Lib\site-packages\sklearn\pipeline.py", line 745, in predict
    Xt = transform.transform(Xt)
         ^^^^^^^^^^^^^^^^^^^^^^^
  File "C:\Users\mostg\OneDrive\Coding\Syndicate\.venv\Lib\site-packages\sklearn\utils\_set_output.py", line 316, in wrapped
    data_to_wrap = f(self, X, *args, **kwargs)
                   ^^^^^^^^^^^^^^^^^^^^^^^^^^^
  File "C:\Users\mostg\OneDrive\Coding\Syndicate\.venv\Lib\site-packages\sklearn\preprocessing\_data.py", line 1094, in transform
    X = validate_data(
        ^^^^^^^^^^^^^^
  File "C:\Users\mostg\OneDrive\Coding\Syndicate\.venv\Lib\site-packages\sklearn\utils\validation.py", line 2923, in validate_data
    _check_n_features(_estimator, X, reset=reset)
  File "C:\Users\mostg\OneDrive\Coding\Syndicate\.venv\Lib\site-packages\sklearn\utils\validation.py", line 2787, in _check_n_features
    raise ValueError(
ValueError: X has 45 features, but StandardScaler is expecting 56 features as input.
[2026-05-26T21:53:48] predict-date failed with exit code 1; retrying via CPU daily-update fallback
[2026-05-26T21:53:48] $ 'C:\Users\mostg\OneDrive\Coding\Syndicate\.venv\Scripts\python.exe' -m nba_betting.cli daily-update --date 2026-05-26 --no-npu --no-git-push
──────────────────────────── Enhanced Daily Update ────────────────────────────
[NPU] Running enhanced daily update for 2026-05-26
[INFO] NPU Acceleration: Disabled
🔄 Reconciliation window: 7 days
📅 Updating schedule...
Schedule update failed: Failed to fetch NBA schedule payload: 403 Client Error:
Forbidden for url: 
https://cdn.nba.com/static/json/staticData/scheduleLeagueV2_1.json
👥 Updating rosters...
[fetch_rosters] start season=2025-26 teams=30 seed=rosters_2025-26.csv seed_teams=30 timeout=10s retries=2
[fetch_rosters] team=ATL attempt=1/2
[fetch_rosters] progress refreshed=1/30 latest=ATL
[fetch_rosters] team=BOS attempt=1/2
[fetch_rosters] team=CLE attempt=1/2
[fetch_rosters] team=NOP attempt=1/2
[fetch_rosters] team=CHI attempt=1/2
[fetch_rosters] progress refreshed=5/30 latest=CHI
[fetch_rosters] team=DAL attempt=1/2
[fetch_rosters] team=DEN attempt=1/2
[fetch_rosters] team=GSW attempt=1/2
[fetch_rosters] team=HOU attempt=1/2
[fetch_rosters] team=LAC attempt=1/2
[fetch_rosters] progress refreshed=10/30 latest=LAC
[fetch_rosters] team=LAL attempt=1/2
[fetch_rosters] team=MIA attempt=1/2
[fetch_rosters] team=MIL attempt=1/2
[fetch_rosters] team=MIN attempt=1/2
[fetch_rosters] team=BKN attempt=1/2
[fetch_rosters] progress refreshed=15/30 latest=BKN
[fetch_rosters] team=NYK attempt=1/2
[fetch_rosters] team=ORL attempt=1/2
[fetch_rosters] team=IND attempt=1/2
[fetch_rosters] team=PHI attempt=1/2
[fetch_rosters] team=PHX attempt=1/2
[fetch_rosters] progress refreshed=20/30 latest=PHX
[fetch_rosters] team=POR attempt=1/2
[fetch_rosters] team=SAC attempt=1/2
[fetch_rosters] team=SAS attempt=1/2
[fetch_rosters] team=OKC attempt=1/2
[fetch_rosters] team=TOR attempt=1/2
[fetch_rosters] progress refreshed=25/30 latest=TOR
[fetch_rosters] team=UTA attempt=1/2
[fetch_rosters] team=MEM attempt=1/2
[fetch_rosters] team=WAS attempt=1/2
[fetch_rosters] team=DET attempt=1/2
[fetch_rosters] team=CHA attempt=1/2
[fetch_rosters] progress refreshed=30/30 latest=CHA
[fetch_rosters] season=2025-26 refreshed=30 stored_teams=30 seed=rosters_2025-26.csv timeout=10s retries=2
{'roster_rows': 530}
[INFO] Updating player logs...
Player logs refreshed
[SEARCH] Reconciling game actuals for last 7 days...
  [OK] Game actuals for 2026-05-25 (rc=0)
  [OK] Game actuals for 2026-05-24 (rc=0)
  [OK] Game actuals for 2026-05-23 (rc=0)
  [OK] Game actuals for 2026-05-22 (rc=0)
  [OK] Game actuals for 2026-05-21 (rc=0)
  [OK] Game actuals for 2026-05-20 (rc=0)
  [OK] Game actuals for 2026-05-19 (rc=0)
[ACTION] Reconciling prop actuals for last 7 days...
