[2026-05-30T20:30:54] $ 'c:\Users\tempadmin\AppData\Local\Programs\Python\Python311-arm64\python.exe' 'C:\Users\tempadmin\OneDrive\Coding\Syndicate\scripts\fetch_basketball_oddsapi_props_local.py' --league wnba --date 2026-05-30 --out 'C:\Users\tempadmin\OneDrive\Coding\Syndicate\vendor\wnba_betting_repo\data\raw\odds_wnba_player_props_2026-05-30.csv' --regions us
ERROR: Missing ODDS_API_KEY; set in environment or pass --api-key
[2026-05-30T20:30:55] Materialized processed OddsAPI props snapshot alias: C:\Users\tempadmin\OneDrive\Coding\Syndicate\vendor\wnba_betting_repo\data\processed\oddsapi_player_props_2026-05-30.csv (rows=469)
[WARN] Props model artifacts missing; using priors + rolling-stat fallback predictions
[2026-05-30T20:31:00] $ 'c:\Users\tempadmin\AppData\Local\Programs\Python\Python311-arm64\python.exe' -m wnba_betting.cli fetch-schedule
------------------------------- Fetch Schedule --------------------------------
Saved schedule to 
C:\Users\tempadmin\OneDrive\Coding\Syndicate\vendor\wnba_betting_repo\data\proc
essed\schedule_2026.json and 
C:\Users\tempadmin\OneDrive\Coding\Syndicate\vendor\wnba_betting_repo\data\proc
essed\schedule_2026.csv
{'rows': 350, 'unique_dates': 119}
[2026-05-30T20:31:23] $ 'c:\Users\tempadmin\AppData\Local\Programs\Python\Python311-arm64\python.exe' -m wnba_betting.cli predict-date --date 2026-05-30
------------------------------- Predict (Date) --------------------------------
C:\Users\tempadmin\OneDrive\Coding\Syndicate\vendor\wnba_betting_repo\src\wnba_betting\cli.py:13443: DeprecationWarning: ScoreboardV2 has known issues with line score data for 2025-26 season games (October 22 - December 25, 2025). Please use ScoreboardV3 instead. ScoreboardV3 is fully backward compatible and works for all historical seasons. See: https://github.com/swar/nba_api/issues/596
  sb = scoreboardv2.ScoreboardV2(game_date=date_str, day_offset=0, timeout=30)
Updating Elo ---------------------------------------- 100% 0:00:00
[Building enhanced features (45 features)...]

======================================================================
ENHANCED FEATURE ENGINEERING
======================================================================

[1/3] Building base features (ELO, rest, form, schedule)...
Built 75 base features

[2/3] Adding advanced statistics (pace, efficiency, Four Factors)...
Traceback (most recent call last):
  File "<frozen runpy>", line 198, in _run_module_as_main
  File "<frozen runpy>", line 88, in _run_code
  File "C:\Users\tempadmin\OneDrive\Coding\Syndicate\vendor\wnba_betting_repo\src\wnba_betting\cli.py", line 15557, in <module>
    cli()
  File "c:\Users\tempadmin\AppData\Local\Programs\Python\Python311-arm64\Lib\site-packages\click\core.py", line 1157, in __call__
    return self.main(*args, **kwargs)
           ^^^^^^^^^^^^^^^^^^^^^^^^^^
  File "c:\Users\tempadmin\AppData\Local\Programs\Python\Python311-arm64\Lib\site-packages\click\core.py", line 1078, in main
    rv = self.invoke(ctx)
         ^^^^^^^^^^^^^^^^
  File "c:\Users\tempadmin\AppData\Local\Programs\Python\Python311-arm64\Lib\site-packages\click\core.py", line 1688, in invoke
    return _process_result(sub_ctx.command.invoke(sub_ctx))
                           ^^^^^^^^^^^^^^^^^^^^^^^^^^^^^^^
  File "c:\Users\tempadmin\AppData\Local\Programs\Python\Python311-arm64\Lib\site-packages\click\core.py", line 1434, in invoke
    return ctx.invoke(self.callback, **ctx.params)
           ^^^^^^^^^^^^^^^^^^^^^^^^^^^^^^^^^^^^^^^
  File "c:\Users\tempadmin\AppData\Local\Programs\Python\Python311-arm64\Lib\site-packages\click\core.py", line 783, in invoke
    return __callback(*args, **kwargs)
           ^^^^^^^^^^^^^^^^^^^^^^^^^^^
  File "C:\Users\tempadmin\OneDrive\Coding\Syndicate\vendor\wnba_betting_repo\src\wnba_betting\cli.py", line 13496, in predict_date_cmd
    res = _predict_from_matchups(slate)
          ^^^^^^^^^^^^^^^^^^^^^^^^^^^^^
  File "C:\Users\tempadmin\OneDrive\Coding\Syndicate\vendor\wnba_betting_repo\src\wnba_betting\cli.py", line 12694, in _predict_from_matchups
    features_df = build_features_enhanced(
                  ^^^^^^^^^^^^^^^^^^^^^^^^
  File "C:\Users\tempadmin\OneDrive\Coding\Syndicate\vendor\wnba_betting_repo\src\wnba_betting\features_enhanced.py", line 318, in build_features_enhanced
    df = add_advanced_stats_features(df, season=season)
         ^^^^^^^^^^^^^^^^^^^^^^^^^^^^^^^^^^^^^^^^^^^^^^
  File "C:\Users\tempadmin\OneDrive\Coding\Syndicate\vendor\wnba_betting_repo\src\wnba_betting\features_enhanced.py", line 123, in add_advanced_stats_features
    stats_df = _materialize_advanced_stats(df, season)
               ^^^^^^^^^^^^^^^^^^^^^^^^^^^^^^^^^^^^^^^
  File "C:\Users\tempadmin\OneDrive\Coding\Syndicate\vendor\wnba_betting_repo\src\wnba_betting\features_enhanced.py", line 107, in _materialize_advanced_stats
    raise RuntimeError(
RuntimeError: Unable to materialize real advanced stats for season 2025 from local boxscores or player logs
[2026-05-30T20:31:24] predict-date failed with exit code 1; retrying via CPU daily-update fallback
[2026-05-30T20:31:24] $ 'c:\Users\tempadmin\AppData\Local\Programs\Python\Python311-arm64\python.exe' -m wnba_betting.cli daily-update --date 2026-05-30 --no-npu --no-git-push
---------------------------- Enhanced Daily Update ----------------------------
[NPU] Running enhanced daily update for 2026-05-30
[INFO] NPU Acceleration: Disabled
Traceback (most recent call last):
  File "<frozen runpy>", line 198, in _run_module_as_main
  File "<frozen runpy>", line 88, in _run_code
  File "C:\Users\tempadmin\OneDrive\Coding\Syndicate\vendor\wnba_betting_repo\src\wnba_betting\cli.py", line 15557, in <module>
    cli()
  File "c:\Users\tempadmin\AppData\Local\Programs\Python\Python311-arm64\Lib\site-packages\click\core.py", line 1157, in __call__
    return self.main(*args, **kwargs)
           ^^^^^^^^^^^^^^^^^^^^^^^^^^
  File "c:\Users\tempadmin\AppData\Local\Programs\Python\Python311-arm64\Lib\site-packages\click\core.py", line 1078, in main
    rv = self.invoke(ctx)
         ^^^^^^^^^^^^^^^^
  File "c:\Users\tempadmin\AppData\Local\Programs\Python\Python311-arm64\Lib\site-packages\click\core.py", line 1688, in invoke
    return _process_result(sub_ctx.command.invoke(sub_ctx))
                           ^^^^^^^^^^^^^^^^^^^^^^^^^^^^^^^
  File "c:\Users\tempadmin\AppData\Local\Programs\Python\Python311-arm64\Lib\site-packages\click\core.py", line 1434, in invoke
    return ctx.invoke(self.callback, **ctx.params)
           ^^^^^^^^^^^^^^^^^^^^^^^^^^^^^^^^^^^^^^^
  File "c:\Users\tempadmin\AppData\Local\Programs\Python\Python311-arm64\Lib\site-packages\click\core.py", line 783, in invoke
    return __callback(*args, **kwargs)
           ^^^^^^^^^^^^^^^^^^^^^^^^^^^
  File "C:\Users\tempadmin\OneDrive\Coding\Syndicate\vendor\wnba_betting_repo\src\wnba_betting\cli.py", line 12863, in daily_update_cmd
    console.print(f"\U0001f504 Reconciliation window: {reconcile_days} days")
  File "c:\Users\tempadmin\AppData\Local\Programs\Python\Python311-arm64\Lib\site-packages\rich\console.py", line 1704, in print
    with self:
  File "c:\Users\tempadmin\AppData\Local\Programs\Python\Python311-arm64\Lib\site-packages\rich\console.py", line 864, in __exit__
    self._exit_buffer()
  File "c:\Users\tempadmin\AppData\Local\Programs\Python\Python311-arm64\Lib\site-packages\rich\console.py", line 820, in _exit_buffer
    self._check_buffer()
  File "c:\Users\tempadmin\AppData\Local\Programs\Python\Python311-arm64\Lib\site-packages\rich\console.py", line 2055, in _check_buffer
    self._write_buffer()
  File "c:\Users\tempadmin\AppData\Local\Programs\Python\Python311-arm64\Lib\site-packages\rich\console.py", line 2091, in _write_buffer
    legacy_windows_render(buffer, LegacyWindowsTerm(self.file))
  File "c:\Users\tempadmin\AppData\Local\Programs\Python\Python311-arm64\Lib\site-packages\rich\_windows_renderer.py", line 19, in legacy_windows_render
    term.write_text(text)
  File "c:\Users\tempadmin\AppData\Local\Programs\Python\Python311-arm64\Lib\site-packages\rich\_win32_console.py", line 402, in write_text
    self.write(text)
  File "c:\Users\tempadmin\AppData\Local\Programs\Python\Python311-arm64\Lib\encodings\cp1252.py", line 19, in encode
    return codecs.charmap_encode(input,self.errors,encoding_table)[0]
           ^^^^^^^^^^^^^^^^^^^^^^^^^^^^^^^^^^^^^^^^^^^^^^^^^^^^^^^
UnicodeEncodeError: 'charmap' codec can't encode character '\U0001f504' in position 0: character maps to <undefined>
[2026-05-30T20:31:25] Local game_cards build skipped for 2026-05-30: processed game_odds had no usable rows
[2026-05-30T20:32:18] $ 'c:\Users\tempadmin\AppData\Local\Programs\Python\Python311-arm64\python.exe' 'C:\Users\tempadmin\OneDrive\Coding\Syndicate\scripts\fetch_basketball_oddsapi_props_local.py' --league wnba --date 2026-05-30 --out 'C:\Users\tempadmin\OneDrive\Coding\Syndicate\vendor\wnba_betting_repo\data\raw\odds_wnba_player_props_2026-05-30.csv' --regions us
ERROR: Missing ODDS_API_KEY; set in environment or pass --api-key
[2026-05-30T20:32:19] Materialized processed OddsAPI props snapshot alias: C:\Users\tempadmin\OneDrive\Coding\Syndicate\vendor\wnba_betting_repo\data\processed\oddsapi_player_props_2026-05-30.csv (rows=469)
[WARN] Props model artifacts missing; using priors + rolling-stat fallback predictions
[2026-05-30T20:32:24] $ 'c:\Users\tempadmin\AppData\Local\Programs\Python\Python311-arm64\python.exe' -m wnba_betting.cli fetch-schedule
------------------------------- Fetch Schedule --------------------------------
Saved schedule to 
C:\Users\tempadmin\OneDrive\Coding\Syndicate\vendor\wnba_betting_repo\data\proc
essed\schedule_2026.json and 
C:\Users\tempadmin\OneDrive\Coding\Syndicate\vendor\wnba_betting_repo\data\proc
essed\schedule_2026.csv
{'rows': 350, 'unique_dates': 119}
[2026-05-30T20:32:47] Replacing stale game_odds slate for 2026-05-30: existing matchups do not overlap props snapshot
[2026-05-30T20:32:47] Seeded fallback game odds slate from props snapshot: C:\Users\tempadmin\OneDrive\Coding\Syndicate\vendor\wnba_betting_repo\data\processed\game_odds_2026-05-30.csv (rows=3)
[2026-05-30T20:32:48] $ 'c:\Users\tempadmin\AppData\Local\Programs\Python\Python311-arm64\python.exe' -m wnba_betting.cli predict-date --date 2026-05-30
------------------------------- Predict (Date) --------------------------------
C:\Users\tempadmin\OneDrive\Coding\Syndicate\vendor\wnba_betting_repo\src\wnba_betting\cli.py:13443: DeprecationWarning: ScoreboardV2 has known issues with line score data for 2025-26 season games (October 22 - December 25, 2025). Please use ScoreboardV3 instead. ScoreboardV3 is fully backward compatible and works for all historical seasons. See: https://github.com/swar/nba_api/issues/596
  sb = scoreboardv2.ScoreboardV2(game_date=date_str, day_offset=0, timeout=30)
Updating Elo ---------------------------------------- 100% 0:00:00
[Building enhanced features (45 features)...]

======================================================================
ENHANCED FEATURE ENGINEERING
======================================================================

[1/3] Building base features (ELO, rest, form, schedule)...
Built 75 base features

[2/3] Adding advanced statistics (pace, efficiency, Four Factors)...
Traceback (most recent call last):
  File "<frozen runpy>", line 198, in _run_module_as_main
  File "<frozen runpy>", line 88, in _run_code
  File "C:\Users\tempadmin\OneDrive\Coding\Syndicate\vendor\wnba_betting_repo\src\wnba_betting\cli.py", line 15557, in <module>
    cli()
  File "c:\Users\tempadmin\AppData\Local\Programs\Python\Python311-arm64\Lib\site-packages\click\core.py", line 1157, in __call__
    return self.main(*args, **kwargs)
           ^^^^^^^^^^^^^^^^^^^^^^^^^^
  File "c:\Users\tempadmin\AppData\Local\Programs\Python\Python311-arm64\Lib\site-packages\click\core.py", line 1078, in main
    rv = self.invoke(ctx)
         ^^^^^^^^^^^^^^^^
  File "c:\Users\tempadmin\AppData\Local\Programs\Python\Python311-arm64\Lib\site-packages\click\core.py", line 1688, in invoke
    return _process_result(sub_ctx.command.invoke(sub_ctx))
                           ^^^^^^^^^^^^^^^^^^^^^^^^^^^^^^^
  File "c:\Users\tempadmin\AppData\Local\Programs\Python\Python311-arm64\Lib\site-packages\click\core.py", line 1434, in invoke
    return ctx.invoke(self.callback, **ctx.params)
           ^^^^^^^^^^^^^^^^^^^^^^^^^^^^^^^^^^^^^^^
  File "c:\Users\tempadmin\AppData\Local\Programs\Python\Python311-arm64\Lib\site-packages\click\core.py", line 783, in invoke
    return __callback(*args, **kwargs)
           ^^^^^^^^^^^^^^^^^^^^^^^^^^^
  File "C:\Users\tempadmin\OneDrive\Coding\Syndicate\vendor\wnba_betting_repo\src\wnba_betting\cli.py", line 13496, in predict_date_cmd
    res = _predict_from_matchups(slate)
          ^^^^^^^^^^^^^^^^^^^^^^^^^^^^^
  File "C:\Users\tempadmin\OneDrive\Coding\Syndicate\vendor\wnba_betting_repo\src\wnba_betting\cli.py", line 12694, in _predict_from_matchups
    features_df = build_features_enhanced(
                  ^^^^^^^^^^^^^^^^^^^^^^^^
  File "C:\Users\tempadmin\OneDrive\Coding\Syndicate\vendor\wnba_betting_repo\src\wnba_betting\features_enhanced.py", line 318, in build_features_enhanced
    df = add_advanced_stats_features(df, season=season)
         ^^^^^^^^^^^^^^^^^^^^^^^^^^^^^^^^^^^^^^^^^^^^^^
  File "C:\Users\tempadmin\OneDrive\Coding\Syndicate\vendor\wnba_betting_repo\src\wnba_betting\features_enhanced.py", line 123, in add_advanced_stats_features
    stats_df = _materialize_advanced_stats(df, season)
               ^^^^^^^^^^^^^^^^^^^^^^^^^^^^^^^^^^^^^^^
  File "C:\Users\tempadmin\OneDrive\Coding\Syndicate\vendor\wnba_betting_repo\src\wnba_betting\features_enhanced.py", line 107, in _materialize_advanced_stats
    raise RuntimeError(
RuntimeError: Unable to materialize real advanced stats for season 2025 from local boxscores or player logs
[2026-05-30T20:32:49] predict-date failed with exit code 1; retrying via CPU daily-update fallback
[2026-05-30T20:32:49] $ 'c:\Users\tempadmin\AppData\Local\Programs\Python\Python311-arm64\python.exe' -m wnba_betting.cli daily-update --date 2026-05-30 --no-npu --no-git-push
---------------------------- Enhanced Daily Update ----------------------------
[NPU] Running enhanced daily update for 2026-05-30
[INFO] NPU Acceleration: Disabled
Traceback (most recent call last):
  File "<frozen runpy>", line 198, in _run_module_as_main
  File "<frozen runpy>", line 88, in _run_code
  File "C:\Users\tempadmin\OneDrive\Coding\Syndicate\vendor\wnba_betting_repo\src\wnba_betting\cli.py", line 15557, in <module>
    cli()
  File "c:\Users\tempadmin\AppData\Local\Programs\Python\Python311-arm64\Lib\site-packages\click\core.py", line 1157, in __call__
    return self.main(*args, **kwargs)
           ^^^^^^^^^^^^^^^^^^^^^^^^^^
  File "c:\Users\tempadmin\AppData\Local\Programs\Python\Python311-arm64\Lib\site-packages\click\core.py", line 1078, in main
    rv = self.invoke(ctx)
         ^^^^^^^^^^^^^^^^
  File "c:\Users\tempadmin\AppData\Local\Programs\Python\Python311-arm64\Lib\site-packages\click\core.py", line 1688, in invoke
    return _process_result(sub_ctx.command.invoke(sub_ctx))
                           ^^^^^^^^^^^^^^^^^^^^^^^^^^^^^^^
  File "c:\Users\tempadmin\AppData\Local\Programs\Python\Python311-arm64\Lib\site-packages\click\core.py", line 1434, in invoke
    return ctx.invoke(self.callback, **ctx.params)
           ^^^^^^^^^^^^^^^^^^^^^^^^^^^^^^^^^^^^^^^
  File "c:\Users\tempadmin\AppData\Local\Programs\Python\Python311-arm64\Lib\site-packages\click\core.py", line 783, in invoke
    return __callback(*args, **kwargs)
           ^^^^^^^^^^^^^^^^^^^^^^^^^^^
  File "C:\Users\tempadmin\OneDrive\Coding\Syndicate\vendor\wnba_betting_repo\src\wnba_betting\cli.py", line 12863, in daily_update_cmd
    console.print(f"\U0001f504 Reconciliation window: {reconcile_days} days")
  File "c:\Users\tempadmin\AppData\Local\Programs\Python\Python311-arm64\Lib\site-packages\rich\console.py", line 1704, in print
    with self:
  File "c:\Users\tempadmin\AppData\Local\Programs\Python\Python311-arm64\Lib\site-packages\rich\console.py", line 864, in __exit__
    self._exit_buffer()
  File "c:\Users\tempadmin\AppData\Local\Programs\Python\Python311-arm64\Lib\site-packages\rich\console.py", line 820, in _exit_buffer
    self._check_buffer()
  File "c:\Users\tempadmin\AppData\Local\Programs\Python\Python311-arm64\Lib\site-packages\rich\console.py", line 2055, in _check_buffer
    self._write_buffer()
  File "c:\Users\tempadmin\AppData\Local\Programs\Python\Python311-arm64\Lib\site-packages\rich\console.py", line 2091, in _write_buffer
    legacy_windows_render(buffer, LegacyWindowsTerm(self.file))
  File "c:\Users\tempadmin\AppData\Local\Programs\Python\Python311-arm64\Lib\site-packages\rich\_windows_renderer.py", line 19, in legacy_windows_render
    term.write_text(text)
  File "c:\Users\tempadmin\AppData\Local\Programs\Python\Python311-arm64\Lib\site-packages\rich\_win32_console.py", line 402, in write_text
    self.write(text)
  File "c:\Users\tempadmin\AppData\Local\Programs\Python\Python311-arm64\Lib\encodings\cp1252.py", line 19, in encode
    return codecs.charmap_encode(input,self.errors,encoding_table)[0]
           ^^^^^^^^^^^^^^^^^^^^^^^^^^^^^^^^^^^^^^^^^^^^^^^^^^^^^^^
UnicodeEncodeError: 'charmap' codec can't encode character '\U0001f504' in position 0: character maps to <undefined>
[2026-05-30T20:32:50] Built local game_cards from game_odds fallback: C:\Users\tempadmin\OneDrive\Coding\Syndicate\vendor\wnba_betting_repo\data\processed\game_cards_2026-05-30.csv (rows=3)
[2026-05-30T20:33:46] $ 'c:\Users\tempadmin\AppData\Local\Programs\Python\Python311-arm64\python.exe' 'C:\Users\tempadmin\OneDrive\Coding\Syndicate\scripts\fetch_basketball_oddsapi_props_local.py' --league wnba --date 2026-05-30 --out 'C:\Users\tempadmin\OneDrive\Coding\Syndicate\vendor\wnba_betting_repo\data\raw\odds_wnba_player_props_2026-05-30.csv' --regions us
ERROR: Missing ODDS_API_KEY; set in environment or pass --api-key
[2026-05-30T20:33:47] Materialized processed OddsAPI props snapshot alias: C:\Users\tempadmin\OneDrive\Coding\Syndicate\vendor\wnba_betting_repo\data\processed\oddsapi_player_props_2026-05-30.csv (rows=469)
[WARN] Props model artifacts missing; using priors + rolling-stat fallback predictions
[2026-05-30T20:33:52] $ 'c:\Users\tempadmin\AppData\Local\Programs\Python\Python311-arm64\python.exe' -m wnba_betting.cli fetch-schedule
------------------------------- Fetch Schedule --------------------------------
Saved schedule to 
C:\Users\tempadmin\OneDrive\Coding\Syndicate\vendor\wnba_betting_repo\data\proc
essed\schedule_2026.json and 
C:\Users\tempadmin\OneDrive\Coding\Syndicate\vendor\wnba_betting_repo\data\proc
essed\schedule_2026.csv
{'rows': 350, 'unique_dates': 119}
[2026-05-30T20:34:16] $ 'c:\Users\tempadmin\AppData\Local\Programs\Python\Python311-arm64\python.exe' -m wnba_betting.cli predict-date --date 2026-05-30
------------------------------- Predict (Date) --------------------------------
C:\Users\tempadmin\OneDrive\Coding\Syndicate\vendor\wnba_betting_repo\src\wnba_betting\cli.py:13443: DeprecationWarning: ScoreboardV2 has known issues with line score data for 2025-26 season games (October 22 - December 25, 2025). Please use ScoreboardV3 instead. ScoreboardV3 is fully backward compatible and works for all historical seasons. See: https://github.com/swar/nba_api/issues/596
  sb = scoreboardv2.ScoreboardV2(game_date=date_str, day_offset=0, timeout=30)
Updating Elo ---------------------------------------- 100% 0:00:00
[Building enhanced features (45 features)...]

======================================================================
ENHANCED FEATURE ENGINEERING
======================================================================

[1/3] Building base features (ELO, rest, form, schedule)...
Built 75 base features

[2/3] Adding advanced statistics (pace, efficiency, Four Factors)...
Traceback (most recent call last):
  File "<frozen runpy>", line 198, in _run_module_as_main
  File "<frozen runpy>", line 88, in _run_code
  File "C:\Users\tempadmin\OneDrive\Coding\Syndicate\vendor\wnba_betting_repo\src\wnba_betting\cli.py", line 15557, in <module>
    cli()
  File "c:\Users\tempadmin\AppData\Local\Programs\Python\Python311-arm64\Lib\site-packages\click\core.py", line 1157, in __call__
    return self.main(*args, **kwargs)
           ^^^^^^^^^^^^^^^^^^^^^^^^^^
  File "c:\Users\tempadmin\AppData\Local\Programs\Python\Python311-arm64\Lib\site-packages\click\core.py", line 1078, in main
    rv = self.invoke(ctx)
         ^^^^^^^^^^^^^^^^
  File "c:\Users\tempadmin\AppData\Local\Programs\Python\Python311-arm64\Lib\site-packages\click\core.py", line 1688, in invoke
    return _process_result(sub_ctx.command.invoke(sub_ctx))
                           ^^^^^^^^^^^^^^^^^^^^^^^^^^^^^^^
  File "c:\Users\tempadmin\AppData\Local\Programs\Python\Python311-arm64\Lib\site-packages\click\core.py", line 1434, in invoke
    return ctx.invoke(self.callback, **ctx.params)
           ^^^^^^^^^^^^^^^^^^^^^^^^^^^^^^^^^^^^^^^
  File "c:\Users\tempadmin\AppData\Local\Programs\Python\Python311-arm64\Lib\site-packages\click\core.py", line 783, in invoke
    return __callback(*args, **kwargs)
           ^^^^^^^^^^^^^^^^^^^^^^^^^^^
  File "C:\Users\tempadmin\OneDrive\Coding\Syndicate\vendor\wnba_betting_repo\src\wnba_betting\cli.py", line 13496, in predict_date_cmd
    res = _predict_from_matchups(slate)
          ^^^^^^^^^^^^^^^^^^^^^^^^^^^^^
  File "C:\Users\tempadmin\OneDrive\Coding\Syndicate\vendor\wnba_betting_repo\src\wnba_betting\cli.py", line 12694, in _predict_from_matchups
    features_df = build_features_enhanced(
                  ^^^^^^^^^^^^^^^^^^^^^^^^
  File "C:\Users\tempadmin\OneDrive\Coding\Syndicate\vendor\wnba_betting_repo\src\wnba_betting\features_enhanced.py", line 318, in build_features_enhanced
    df = add_advanced_stats_features(df, season=season)
         ^^^^^^^^^^^^^^^^^^^^^^^^^^^^^^^^^^^^^^^^^^^^^^
  File "C:\Users\tempadmin\OneDrive\Coding\Syndicate\vendor\wnba_betting_repo\src\wnba_betting\features_enhanced.py", line 123, in add_advanced_stats_features
    stats_df = _materialize_advanced_stats(df, season)
               ^^^^^^^^^^^^^^^^^^^^^^^^^^^^^^^^^^^^^^^
  File "C:\Users\tempadmin\OneDrive\Coding\Syndicate\vendor\wnba_betting_repo\src\wnba_betting\features_enhanced.py", line 107, in _materialize_advanced_stats
    raise RuntimeError(
RuntimeError: Unable to materialize real advanced stats for season 2025 from local boxscores or player logs
[2026-05-30T20:34:18] predict-date failed with exit code 1; retrying via CPU daily-update fallback
[2026-05-30T20:34:18] $ 'c:\Users\tempadmin\AppData\Local\Programs\Python\Python311-arm64\python.exe' -m wnba_betting.cli daily-update --date 2026-05-30 --no-npu --no-git-push
---------------------------- Enhanced Daily Update ----------------------------
[NPU] Running enhanced daily update for 2026-05-30
[INFO] NPU Acceleration: Disabled
Traceback (most recent call last):
  File "<frozen runpy>", line 198, in _run_module_as_main
  File "<frozen runpy>", line 88, in _run_code
  File "C:\Users\tempadmin\OneDrive\Coding\Syndicate\vendor\wnba_betting_repo\src\wnba_betting\cli.py", line 15557, in <module>
    cli()
  File "c:\Users\tempadmin\AppData\Local\Programs\Python\Python311-arm64\Lib\site-packages\click\core.py", line 1157, in __call__
    return self.main(*args, **kwargs)
           ^^^^^^^^^^^^^^^^^^^^^^^^^^
  File "c:\Users\tempadmin\AppData\Local\Programs\Python\Python311-arm64\Lib\site-packages\click\core.py", line 1078, in main
    rv = self.invoke(ctx)
         ^^^^^^^^^^^^^^^^
  File "c:\Users\tempadmin\AppData\Local\Programs\Python\Python311-arm64\Lib\site-packages\click\core.py", line 1688, in invoke
    return _process_result(sub_ctx.command.invoke(sub_ctx))
                           ^^^^^^^^^^^^^^^^^^^^^^^^^^^^^^^
  File "c:\Users\tempadmin\AppData\Local\Programs\Python\Python311-arm64\Lib\site-packages\click\core.py", line 1434, in invoke
    return ctx.invoke(self.callback, **ctx.params)
           ^^^^^^^^^^^^^^^^^^^^^^^^^^^^^^^^^^^^^^^
  File "c:\Users\tempadmin\AppData\Local\Programs\Python\Python311-arm64\Lib\site-packages\click\core.py", line 783, in invoke
    return __callback(*args, **kwargs)
           ^^^^^^^^^^^^^^^^^^^^^^^^^^^
  File "C:\Users\tempadmin\OneDrive\Coding\Syndicate\vendor\wnba_betting_repo\src\wnba_betting\cli.py", line 12863, in daily_update_cmd
    console.print(f"\U0001f504 Reconciliation window: {reconcile_days} days")
  File "c:\Users\tempadmin\AppData\Local\Programs\Python\Python311-arm64\Lib\site-packages\rich\console.py", line 1704, in print
    with self:
  File "c:\Users\tempadmin\AppData\Local\Programs\Python\Python311-arm64\Lib\site-packages\rich\console.py", line 864, in __exit__
    self._exit_buffer()
  File "c:\Users\tempadmin\AppData\Local\Programs\Python\Python311-arm64\Lib\site-packages\rich\console.py", line 820, in _exit_buffer
    self._check_buffer()
  File "c:\Users\tempadmin\AppData\Local\Programs\Python\Python311-arm64\Lib\site-packages\rich\console.py", line 2055, in _check_buffer
    self._write_buffer()
  File "c:\Users\tempadmin\AppData\Local\Programs\Python\Python311-arm64\Lib\site-packages\rich\console.py", line 2091, in _write_buffer
    legacy_windows_render(buffer, LegacyWindowsTerm(self.file))
  File "c:\Users\tempadmin\AppData\Local\Programs\Python\Python311-arm64\Lib\site-packages\rich\_windows_renderer.py", line 19, in legacy_windows_render
    term.write_text(text)
  File "c:\Users\tempadmin\AppData\Local\Programs\Python\Python311-arm64\Lib\site-packages\rich\_win32_console.py", line 402, in write_text
    self.write(text)
  File "c:\Users\tempadmin\AppData\Local\Programs\Python\Python311-arm64\Lib\encodings\cp1252.py", line 19, in encode
    return codecs.charmap_encode(input,self.errors,encoding_table)[0]
           ^^^^^^^^^^^^^^^^^^^^^^^^^^^^^^^^^^^^^^^^^^^^^^^^^^^^^^^
UnicodeEncodeError: 'charmap' codec can't encode character '\U0001f504' in position 0: character maps to <undefined>
[2026-05-30T20:34:19] Built local game_cards from game_odds fallback: C:\Users\tempadmin\OneDrive\Coding\Syndicate\vendor\wnba_betting_repo\data\processed\game_cards_2026-05-30.csv (rows=3)
