[2026-05-30T17:43:36] $ 'C:\Users\tempadmin\AppData\Local\Programs\Python\Python311-arm64\python.exe' 'C:\Users\tempadmin\OneDrive\Coding\Syndicate\scripts\fetch_basketball_oddsapi_props_local.py' --league wnba --date 2026-05-30 --out 'C:\Users\tempadmin\OneDrive\Coding\Syndicate\vendor\wnba_betting_repo\data\raw\odds_wnba_player_props_2026-05-30.csv' --regions us
ERROR: Missing ODDS_API_KEY; set in environment or pass --api-key
[2026-05-30T17:43:37] Materialized processed OddsAPI props snapshot alias: C:\Users\tempadmin\OneDrive\Coding\Syndicate\vendor\wnba_betting_repo\data\processed\oddsapi_player_props_2026-05-30.csv (rows=623)
[2026-05-30T17:43:37] Rebuilt predictions slate from local game odds for 2026-05-30: C:\Users\tempadmin\OneDrive\Coding\Syndicate\vendor\wnba_betting_repo\data\processed\predictions_2026-05-30.csv (rows=2)
[WARN] Props model artifacts missing; using priors + rolling-stat fallback predictions
[2026-05-30T17:43:42] $ 'C:\Users\tempadmin\AppData\Local\Programs\Python\Python311-arm64\python.exe' -m wnba_betting.cli fetch-schedule
------------------------------- Fetch Schedule --------------------------------
Saved schedule to 
C:\Users\tempadmin\OneDrive\Coding\Syndicate\vendor\wnba_betting_repo\data\proc
essed\schedule_2026.json and 
C:\Users\tempadmin\OneDrive\Coding\Syndicate\vendor\wnba_betting_repo\data\proc
essed\schedule_2026.csv
{'rows': 350, 'unique_dates': 119}
[2026-05-30T17:44:04] $ 'C:\Users\tempadmin\AppData\Local\Programs\Python\Python311-arm64\python.exe' -m wnba_betting.cli predict-date --date 2026-05-30
------------------------------- Predict (Date) --------------------------------
C:\Users\tempadmin\OneDrive\Coding\Syndicate\vendor\wnba_betting_repo\src\wnba_betting\cli.py:13443: DeprecationWarning: ScoreboardV2 has known issues with line score data for 2025-26 season games (October 22 - December 25, 2025). Please use ScoreboardV3 instead. ScoreboardV3 is fully backward compatible and works for all historical seasons. See: https://github.com/swar/nba_api/issues/596
  sb = scoreboardv2.ScoreboardV2(game_date=date_str, day_offset=0, timeout=30)
Updating Elo ---------------------------------------- 100% 0:00:00
[Building enhanced features (45 features)...]

======================================================================
ENHANCED FEATURE ENGINEERING
======================================================================

[1/3] Building base features (ELO, rest, form, schedule)...
Built 75 base features

[2/3] Adding advanced statistics (pace, efficiency, Four Factors)...
No cached advanced stats available for this WNBA season, skipping...
Added 0 advanced stat features

[3/3] Adding injury impact features...
No injury data found. Run: python -m wnba_betting.cli fetch-injuries
Added 9 injury features

======================================================================
TOTAL FEATURES: 84
======================================================================

[NPU] Using NPU-accelerated predictions (ONNX + QNN)
[INFO][LOADING] Loading NBA Game Models with NPU acceleration...
[OK] Loaded 56 game features from feature_columns_enhanced.joblib
[OK] WIN_PROB loaded (CPU fallback from win_prob_enhanced.joblib)
[OK] SPREAD_MARGIN loaded (CPU fallback from spread_margin_enhanced.joblib)
[OK] TOTALS loaded (CPU fallback from totals_enhanced.joblib)
[OK] Loaded halves models: 6 CPU (ONNX not available)
[OK] Loaded quarters models: 12 CPU (ONNX not available)
[READY] Ready with 21 models (0 NPU-accelerated)
{
    'game_odds_rows': 1,
    'output': 
'C:\\Users\\tempadmin\\OneDrive\\Coding\\Syndicate\\vendor\\wnba_betting_repo\\
data\\processed\\game_odds_2026-05-30.csv'
}
Saved predictions to 
C:\Users\tempadmin\OneDrive\Coding\Syndicate\vendor\wnba_betting_repo\data\proc
essed\predictions_2026-05-30.csv
[2026-05-30T17:44:24] Local game_cards build skipped for 2026-05-30: no raw team odds snapshot found
[2026-05-30T17:46:00] $ 'C:\Users\tempadmin\AppData\Local\Programs\Python\Python311-arm64\python.exe' 'C:\Users\tempadmin\OneDrive\Coding\Syndicate\scripts\fetch_basketball_oddsapi_props_local.py' --league wnba --date 2026-05-30 --out 'C:\Users\tempadmin\OneDrive\Coding\Syndicate\vendor\wnba_betting_repo\data\raw\odds_wnba_player_props_2026-05-30.csv' --regions us
ERROR: Missing ODDS_API_KEY; set in environment or pass --api-key
[2026-05-30T17:46:01] Materialized processed OddsAPI props snapshot alias: C:\Users\tempadmin\OneDrive\Coding\Syndicate\vendor\wnba_betting_repo\data\processed\oddsapi_player_props_2026-05-30.csv (rows=623)
[WARN] Props model artifacts missing; using priors + rolling-stat fallback predictions
Traceback (most recent call last):
  File "C:\Users\tempadmin\OneDrive\Coding\Syndicate\syndicate\features\shared\basketball_props_predictions.py", line 414, in export_props_predictions_local
    basketball_props_smart_sim.export_props_predictions_with_smart_sim_local(
  File "C:\Users\tempadmin\OneDrive\Coding\Syndicate\syndicate\features\shared\basketball_props_smart_sim.py", line 4777, in export_props_predictions_with_smart_sim_local
    raise RuntimeError(reason)
RuntimeError: SmartSim produced no player rows for 2026-05-30; see smart_sim_failures_2026-05-30.csv
[2026-05-30T17:46:54] $ 'C:\Users\tempadmin\AppData\Local\Programs\Python\Python311-arm64\python.exe' 'C:\Users\tempadmin\OneDrive\Coding\Syndicate\scripts\fetch_basketball_oddsapi_props_local.py' --league wnba --date 2026-05-30 --out 'C:\Users\tempadmin\OneDrive\Coding\Syndicate\vendor\wnba_betting_repo\data\raw\odds_wnba_player_props_2026-05-30.csv' --regions us
ERROR: Missing ODDS_API_KEY; set in environment or pass --api-key
[2026-05-30T17:46:55] Materialized processed OddsAPI props snapshot alias: C:\Users\tempadmin\OneDrive\Coding\Syndicate\vendor\wnba_betting_repo\data\processed\oddsapi_player_props_2026-05-30.csv (rows=623)
[2026-05-30T17:46:55] Rebuilt predictions slate from local game odds for 2026-05-30: C:\Users\tempadmin\OneDrive\Coding\Syndicate\vendor\wnba_betting_repo\data\processed\predictions_2026-05-30.csv (rows=3)
[WARN] Props model artifacts missing; using priors + rolling-stat fallback predictions
Traceback (most recent call last):
  File "C:\Users\tempadmin\OneDrive\Coding\Syndicate\syndicate\features\shared\basketball_props_predictions.py", line 414, in export_props_predictions_local
    basketball_props_smart_sim.export_props_predictions_with_smart_sim_local(
  File "C:\Users\tempadmin\OneDrive\Coding\Syndicate\syndicate\features\shared\basketball_props_smart_sim.py", line 4777, in export_props_predictions_with_smart_sim_local
    raise RuntimeError(reason)
RuntimeError: SmartSim produced no player rows for 2026-05-30; see smart_sim_failures_2026-05-30.csv
[2026-05-30T17:48:41] $ 'C:\Users\tempadmin\AppData\Local\Programs\Python\Python311-arm64\python.exe' 'C:\Users\tempadmin\OneDrive\Coding\Syndicate\scripts\fetch_basketball_oddsapi_props_local.py' --league wnba --date 2026-05-30 --out 'C:\Users\tempadmin\OneDrive\Coding\Syndicate\vendor\wnba_betting_repo\data\raw\odds_wnba_player_props_2026-05-30.csv' --regions us
ERROR: Missing ODDS_API_KEY; set in environment or pass --api-key
[2026-05-30T17:48:42] Materialized processed OddsAPI props snapshot alias: C:\Users\tempadmin\OneDrive\Coding\Syndicate\vendor\wnba_betting_repo\data\processed\oddsapi_player_props_2026-05-30.csv (rows=623)
[WARN] Props model artifacts missing; using priors + rolling-stat fallback predictions
Traceback (most recent call last):
  File "C:\Users\tempadmin\OneDrive\Coding\Syndicate\syndicate\features\shared\basketball_props_predictions.py", line 414, in export_props_predictions_local
    basketball_props_smart_sim.export_props_predictions_with_smart_sim_local(
  File "C:\Users\tempadmin\OneDrive\Coding\Syndicate\syndicate\features\shared\basketball_props_smart_sim.py", line 4781, in export_props_predictions_with_smart_sim_local
    raise RuntimeError(reason)
RuntimeError: SmartSim produced no player rows for 2026-05-30; see smart_sim_failures_2026-05-30.csv
[2026-05-30T17:50:33] $ 'C:\Users\tempadmin\AppData\Local\Programs\Python\Python311-arm64\python.exe' 'C:\Users\tempadmin\OneDrive\Coding\Syndicate\scripts\fetch_basketball_oddsapi_props_local.py' --league wnba --date 2026-05-30 --out 'C:\Users\tempadmin\OneDrive\Coding\Syndicate\vendor\wnba_betting_repo\data\raw\odds_wnba_player_props_2026-05-30.csv' --regions us
ERROR: Missing ODDS_API_KEY; set in environment or pass --api-key
[2026-05-30T17:50:34] Materialized processed OddsAPI props snapshot alias: C:\Users\tempadmin\OneDrive\Coding\Syndicate\vendor\wnba_betting_repo\data\processed\oddsapi_player_props_2026-05-30.csv (rows=623)
[WARN] Props model artifacts missing; using priors + rolling-stat fallback predictions
[2026-05-30T17:50:40] $ 'C:\Users\tempadmin\AppData\Local\Programs\Python\Python311-arm64\python.exe' -m wnba_betting.cli fetch-schedule
------------------------------- Fetch Schedule --------------------------------
Saved schedule to 
C:\Users\tempadmin\OneDrive\Coding\Syndicate\vendor\wnba_betting_repo\data\proc
essed\schedule_2026.json and 
C:\Users\tempadmin\OneDrive\Coding\Syndicate\vendor\wnba_betting_repo\data\proc
essed\schedule_2026.csv
{'rows': 350, 'unique_dates': 119}
[2026-05-30T17:51:01] $ 'C:\Users\tempadmin\AppData\Local\Programs\Python\Python311-arm64\python.exe' -m wnba_betting.cli predict-date --date 2026-05-30
------------------------------- Predict (Date) --------------------------------
C:\Users\tempadmin\OneDrive\Coding\Syndicate\vendor\wnba_betting_repo\src\wnba_betting\cli.py:13443: DeprecationWarning: ScoreboardV2 has known issues with line score data for 2025-26 season games (October 22 - December 25, 2025). Please use ScoreboardV3 instead. ScoreboardV3 is fully backward compatible and works for all historical seasons. See: https://github.com/swar/nba_api/issues/596
  sb = scoreboardv2.ScoreboardV2(game_date=date_str, day_offset=0, timeout=30)
Updating Elo ---------------------------------------- 100% 0:00:00
[Building enhanced features (45 features)...]

======================================================================
ENHANCED FEATURE ENGINEERING
======================================================================

[1/3] Building base features (ELO, rest, form, schedule)...
Built 75 base features

[2/3] Adding advanced statistics (pace, efficiency, Four Factors)...
No cached advanced stats available for this WNBA season, skipping...
Added 0 advanced stat features

[3/3] Adding injury impact features...
No injury data found. Run: python -m wnba_betting.cli fetch-injuries
Added 9 injury features

======================================================================
TOTAL FEATURES: 84
======================================================================

[NPU] Using NPU-accelerated predictions (ONNX + QNN)
[INFO][LOADING] Loading NBA Game Models with NPU acceleration...
[OK] Loaded 56 game features from feature_columns_enhanced.joblib
[OK] WIN_PROB loaded (CPU fallback from win_prob_enhanced.joblib)
[OK] SPREAD_MARGIN loaded (CPU fallback from spread_margin_enhanced.joblib)
[OK] TOTALS loaded (CPU fallback from totals_enhanced.joblib)
[OK] Loaded halves models: 6 CPU (ONNX not available)
[OK] Loaded quarters models: 12 CPU (ONNX not available)
[READY] Ready with 21 models (0 NPU-accelerated)
{
    'game_odds_rows': 1,
    'output': 
'C:\\Users\\tempadmin\\OneDrive\\Coding\\Syndicate\\vendor\\wnba_betting_repo\\
data\\processed\\game_odds_2026-05-30.csv'
}
Saved predictions to 
C:\Users\tempadmin\OneDrive\Coding\Syndicate\vendor\wnba_betting_repo\data\proc
essed\predictions_2026-05-30.csv
[2026-05-30T17:51:22] Local game_cards build skipped for 2026-05-30: no raw team odds snapshot found
[2026-05-30T17:54:11] $ 'C:\Users\tempadmin\AppData\Local\Programs\Python\Python311-arm64\python.exe' 'C:\Users\tempadmin\OneDrive\Coding\Syndicate\scripts\fetch_basketball_oddsapi_props_local.py' --league wnba --date 2026-05-30 --out 'C:\Users\tempadmin\OneDrive\Coding\Syndicate\vendor\wnba_betting_repo\data\raw\odds_wnba_player_props_2026-05-30.csv' --regions us
ERROR: Missing ODDS_API_KEY; set in environment or pass --api-key
[2026-05-30T17:54:12] Materialized processed OddsAPI props snapshot alias: C:\Users\tempadmin\OneDrive\Coding\Syndicate\vendor\wnba_betting_repo\data\processed\oddsapi_player_props_2026-05-30.csv (rows=623)
[2026-05-30T17:54:13] Rebuilt predictions slate from local game odds for 2026-05-30: C:\Users\tempadmin\OneDrive\Coding\Syndicate\vendor\wnba_betting_repo\data\processed\predictions_2026-05-30.csv (rows=3)
[WARN] Props model artifacts missing; using priors + rolling-stat fallback predictions
[2026-05-30T17:54:17] $ 'C:\Users\tempadmin\AppData\Local\Programs\Python\Python311-arm64\python.exe' -m wnba_betting.cli fetch-schedule
------------------------------- Fetch Schedule --------------------------------
Saved schedule to 
C:\Users\tempadmin\OneDrive\Coding\Syndicate\vendor\wnba_betting_repo\data\proc
essed\schedule_2026.json and 
C:\Users\tempadmin\OneDrive\Coding\Syndicate\vendor\wnba_betting_repo\data\proc
essed\schedule_2026.csv
{'rows': 350, 'unique_dates': 119}
[2026-05-30T17:54:39] $ 'C:\Users\tempadmin\AppData\Local\Programs\Python\Python311-arm64\python.exe' -m wnba_betting.cli predict-date --date 2026-05-30
------------------------------- Predict (Date) --------------------------------
C:\Users\tempadmin\OneDrive\Coding\Syndicate\vendor\wnba_betting_repo\src\wnba_betting\cli.py:13443: DeprecationWarning: ScoreboardV2 has known issues with line score data for 2025-26 season games (October 22 - December 25, 2025). Please use ScoreboardV3 instead. ScoreboardV3 is fully backward compatible and works for all historical seasons. See: https://github.com/swar/nba_api/issues/596
  sb = scoreboardv2.ScoreboardV2(game_date=date_str, day_offset=0, timeout=30)
Updating Elo ---------------------------------------- 100% 0:00:00
[Building enhanced features (45 features)...]

======================================================================
ENHANCED FEATURE ENGINEERING
======================================================================

[1/3] Building base features (ELO, rest, form, schedule)...
Built 75 base features

[2/3] Adding advanced statistics (pace, efficiency, Four Factors)...
No cached advanced stats available for this WNBA season, skipping...
Added 0 advanced stat features

[3/3] Adding injury impact features...
No injury data found. Run: python -m wnba_betting.cli fetch-injuries
Added 9 injury features

======================================================================
TOTAL FEATURES: 84
======================================================================

[NPU] Using NPU-accelerated predictions (ONNX + QNN)
[INFO][LOADING] Loading NBA Game Models with NPU acceleration...
[OK] Loaded 56 game features from feature_columns_enhanced.joblib
[OK] WIN_PROB loaded (CPU fallback from win_prob_enhanced.joblib)
[OK] SPREAD_MARGIN loaded (CPU fallback from spread_margin_enhanced.joblib)
[OK] TOTALS loaded (CPU fallback from totals_enhanced.joblib)
[OK] Loaded halves models: 6 CPU (ONNX not available)
[OK] Loaded quarters models: 12 CPU (ONNX not available)
[READY] Ready with 21 models (0 NPU-accelerated)
{
    'game_odds_rows': 1,
    'output': 
'C:\\Users\\tempadmin\\OneDrive\\Coding\\Syndicate\\vendor\\wnba_betting_repo\\
data\\processed\\game_odds_2026-05-30.csv'
}
Saved predictions to 
C:\Users\tempadmin\OneDrive\Coding\Syndicate\vendor\wnba_betting_repo\data\proc
essed\predictions_2026-05-30.csv
[2026-05-30T17:55:00] Local game_cards build skipped for 2026-05-30: no raw team odds snapshot found
