[2026-05-26T17:22:36] $ 'C:\Users\mostg\OneDrive\Coding\Syndicate\.venv\Scripts\python.exe' 'C:\Users\mostg\OneDrive\Coding\Syndicate\scripts\fetch_basketball_oddsapi_props_local.py' --league nba --date 2026-05-26 --out 'C:\Users\mostg\OneDrive\Coding\NBA-Betting\data\raw\odds_nba_player_props_2026-05-26.csv' --regions us
Wrote C:\Users\mostg\OneDrive\Coding\NBA-Betting\data\raw\odds_nba_player_props_2026-05-26.csv with 2093 rows.
[2026-05-26T17:22:38] Materialized processed OddsAPI props snapshot alias: C:\Users\mostg\OneDrive\Coding\NBA-Betting\data\processed\oddsapi_player_props_2026-05-26.csv (rows=2093)
[WARN] Props model artifacts missing; using priors + rolling-stat fallback predictions
[2026-05-26T17:23:06] $ 'C:\Users\mostg\OneDrive\Coding\Syndicate\.venv\Scripts\python.exe' -m nba_betting.cli fetch-schedule
------------------------------- Fetch Schedule --------------------------------
Failed to fetch schedule: Failed to fetch NBA schedule payload: 403 Client 
Error: Forbidden for url: 
https://cdn.nba.com/static/json/staticData/scheduleLeagueV2_1.json
[2026-05-26T17:23:08] Seeded fallback game odds slate from props snapshot: C:\Users\mostg\OneDrive\Coding\NBA-Betting\data\processed\game_odds_2026-05-26.csv (rows=1)
[2026-05-26T17:23:08] $ 'C:\Users\mostg\OneDrive\Coding\Syndicate\.venv\Scripts\python.exe' -m nba_betting.cli predict-date --date 2026-05-26
------------------------------- Predict (Date) --------------------------------
C:\Users\mostg\OneDrive\Coding\NBA-Betting\src\nba_betting\cli.py:13021: DeprecationWarning: ScoreboardV2 has known issues with line score data for 2025-26 season games (October 22 - December 25, 2025). Please use ScoreboardV3 instead. ScoreboardV3 is fully backward compatible and works for all historical seasons. See: https://github.com/swar/nba_api/issues/596
  sb = scoreboardv2.ScoreboardV2(game_date=date_str, day_offset=0, timeout=30)
Scoreboard fetch failed (Scoreboard returned empty tables); trying fallbacks 
for 2026-05-26.
Warning: pyarrow not available, skipping parquet fallback
Updating Elo ---------------------------------------- 100% 0:00:00
Traceback (most recent call last):
  File "<frozen runpy>", line 198, in _run_module_as_main
  File "<frozen runpy>", line 88, in _run_code
  File "C:\Users\mostg\OneDrive\Coding\NBA-Betting\src\nba_betting\cli.py", line 15307, in <module>
    cli()
  File "C:\Users\mostg\OneDrive\Coding\Syndicate\.venv\Lib\site-packages\click\core.py", line 1157, in __call__
    return self.main(*args, **kwargs)
           ^^^^^^^^^^^^^^^^^^^^^^^^^^
  File "C:\Users\mostg\OneDrive\Coding\Syndicate\.venv\Lib\site-packages\click\core.py", line 1078, in main
    rv = self.invoke(ctx)
         ^^^^^^^^^^^^^^^^
  File "C:\Users\mostg\OneDrive\Coding\Syndicate\.venv\Lib\site-packages\click\core.py", line 1688, in invoke
    return _process_result(sub_ctx.command.invoke(sub_ctx))
                           ^^^^^^^^^^^^^^^^^^^^^^^^^^^^^^^
  File "C:\Users\mostg\OneDrive\Coding\Syndicate\.venv\Lib\site-packages\click\core.py", line 1434, in invoke
    return ctx.invoke(self.callback, **ctx.params)
           ^^^^^^^^^^^^^^^^^^^^^^^^^^^^^^^^^^^^^^^
  File "C:\Users\mostg\OneDrive\Coding\Syndicate\.venv\Lib\site-packages\click\core.py", line 783, in invoke
    return __callback(*args, **kwargs)
           ^^^^^^^^^^^^^^^^^^^^^^^^^^^
  File "C:\Users\mostg\OneDrive\Coding\NBA-Betting\src\nba_betting\cli.py", line 13076, in predict_date_cmd
    res = _predict_from_matchups(slate)
          ^^^^^^^^^^^^^^^^^^^^^^^^^^^^^
  File "C:\Users\mostg\OneDrive\Coding\NBA-Betting\src\nba_betting\cli.py", line 12300, in _predict_from_matchups
    from .features_enhanced import build_features_enhanced
  File "C:\Users\mostg\OneDrive\Coding\NBA-Betting\src\nba_betting\features_enhanced.py", line 14, in <module>
    from .scrapers import BasketballReferenceScraper, NBAInjuryDatabase
  File "C:\Users\mostg\OneDrive\Coding\NBA-Betting\src\nba_betting\scrapers\__init__.py", line 4, in <module>
    from .injuries import ESPNInjuryScraper, NBAInjuryDatabase
  File "C:\Users\mostg\OneDrive\Coding\NBA-Betting\src\nba_betting\scrapers\injuries.py", line 18, in <module>
    from pypdf import PdfReader
ModuleNotFoundError: No module named 'pypdf'
[2026-05-26T17:23:12] predict-date failed with exit code 1; retrying via CPU daily-update fallback
[2026-05-26T17:23:12] $ 'C:\Users\mostg\OneDrive\Coding\Syndicate\.venv\Scripts\python.exe' -m nba_betting.cli daily-update --date 2026-05-26 --no-npu --no-git-push
---------------------------- Enhanced Daily Update ----------------------------
[NPU] Running enhanced daily update for 2026-05-26
[INFO] NPU Acceleration: Disabled
Traceback (most recent call last):
  File "<frozen runpy>", line 198, in _run_module_as_main
  File "<frozen runpy>", line 88, in _run_code
  File "C:\Users\mostg\OneDrive\Coding\NBA-Betting\src\nba_betting\cli.py", line 15307, in <module>
    cli()
  File "C:\Users\mostg\OneDrive\Coding\Syndicate\.venv\Lib\site-packages\click\core.py", line 1157, in __call__
    return self.main(*args, **kwargs)
           ^^^^^^^^^^^^^^^^^^^^^^^^^^
  File "C:\Users\mostg\OneDrive\Coding\Syndicate\.venv\Lib\site-packages\click\core.py", line 1078, in main
    rv = self.invoke(ctx)
         ^^^^^^^^^^^^^^^^
  File "C:\Users\mostg\OneDrive\Coding\Syndicate\.venv\Lib\site-packages\click\core.py", line 1688, in invoke
    return _process_result(sub_ctx.command.invoke(sub_ctx))
                           ^^^^^^^^^^^^^^^^^^^^^^^^^^^^^^^
  File "C:\Users\mostg\OneDrive\Coding\Syndicate\.venv\Lib\site-packages\click\core.py", line 1434, in invoke
    return ctx.invoke(self.callback, **ctx.params)
           ^^^^^^^^^^^^^^^^^^^^^^^^^^^^^^^^^^^^^^^
  File "C:\Users\mostg\OneDrive\Coding\Syndicate\.venv\Lib\site-packages\click\core.py", line 783, in invoke
    return __callback(*args, **kwargs)
           ^^^^^^^^^^^^^^^^^^^^^^^^^^^
  File "C:\Users\mostg\OneDrive\Coding\NBA-Betting\src\nba_betting\cli.py", line 12445, in daily_update_cmd
    console.print(f"\U0001f504 Reconciliation window: {reconcile_days} days")
  File "C:\Users\mostg\OneDrive\Coding\Syndicate\.venv\Lib\site-packages\rich\console.py", line 1678, in print
    with self:
  File "C:\Users\mostg\OneDrive\Coding\Syndicate\.venv\Lib\site-packages\rich\console.py", line 864, in __exit__
    self._exit_buffer()
  File "C:\Users\mostg\OneDrive\Coding\Syndicate\.venv\Lib\site-packages\rich\console.py", line 822, in _exit_buffer
    self._check_buffer()
  File "C:\Users\mostg\OneDrive\Coding\Syndicate\.venv\Lib\site-packages\rich\console.py", line 2019, in _check_buffer
    self._write_buffer()
  File "C:\Users\mostg\OneDrive\Coding\Syndicate\.venv\Lib\site-packages\rich\console.py", line 2055, in _write_buffer
    legacy_windows_render(buffer, LegacyWindowsTerm(self.file))
  File "C:\Users\mostg\OneDrive\Coding\Syndicate\.venv\Lib\site-packages\rich\_windows_renderer.py", line 19, in legacy_windows_render
    term.write_text(text)
  File "C:\Users\mostg\OneDrive\Coding\Syndicate\.venv\Lib\site-packages\rich\_win32_console.py", line 402, in write_text
    self.write(text)
  File "C:\Users\mostg\AppData\Local\Programs\Python\Python311\Lib\encodings\cp1252.py", line 19, in encode
    return codecs.charmap_encode(input,self.errors,encoding_table)[0]
           ^^^^^^^^^^^^^^^^^^^^^^^^^^^^^^^^^^^^^^^^^^^^^^^^^^^^^^^
UnicodeEncodeError: 'charmap' codec can't encode character '\U0001f504' in position 0: character maps to <undefined>
[2026-05-26T17:23:13] $ 'C:\Users\mostg\OneDrive\Coding\Syndicate\.venv\Scripts\python.exe' -m nba_betting.cli export-recommendations --date 2026-05-26
Predictions not found: 
C:\Users\mostg\OneDrive\Coding\NBA-Betting\data\processed\games_predictions_npu
_2026-05-26.csv
[2026-05-26T17:23:15] export-recommendations did not create expected artifact: C:\Users\mostg\OneDrive\Coding\NBA-Betting\data\processed\recommendations_2026-05-26.csv
[2026-05-26T17:23:15] $ 'C:\Users\mostg\OneDrive\Coding\Syndicate\.venv\Scripts\python.exe' -m nba_betting.cli export-game-cards --date 2026-05-26
------------------------------ Export Game Cards ------------------------------
{
    'rows': 1,
    'output': 
'C:\\Users\\mostg\\OneDrive\\Coding\\NBA-Betting\\data\\processed\\game_cards_2
026-05-26.csv'
}
[2026-05-26T17:25:18] $ 'C:\Users\mostg\OneDrive\Coding\Syndicate\.venv\Scripts\python.exe' 'C:\Users\mostg\OneDrive\Coding\Syndicate\scripts\fetch_basketball_oddsapi_props_local.py' --league nba --date 2026-05-26 --out 'C:\Users\mostg\OneDrive\Coding\NBA-Betting\data\raw\odds_nba_player_props_2026-05-26.csv' --regions us
Wrote C:\Users\mostg\OneDrive\Coding\NBA-Betting\data\raw\odds_nba_player_props_2026-05-26.csv with 2103 rows.
[2026-05-26T17:25:19] Materialized processed OddsAPI props snapshot alias: C:\Users\mostg\OneDrive\Coding\NBA-Betting\data\processed\oddsapi_player_props_2026-05-26.csv (rows=2103)
[WARN] Props model artifacts missing; using priors + rolling-stat fallback predictions
Traceback (most recent call last):
  File "C:\Users\mostg\OneDrive\Coding\Syndicate\syndicate\features\shared\basketball_props_predictions.py", line 429, in export_props_predictions_local
    finalize_props_predictions_local(
  File "C:\Users\mostg\OneDrive\Coding\Syndicate\syndicate\features\shared\basketball_props_predictions.py", line 357, in finalize_props_predictions_local
    raise RuntimeError(f"predict-props produced no rows for {date_str}")
RuntimeError: predict-props produced no rows for 2026-05-26
[2026-05-26T17:25:46] predict-props returned exit code 1 but downstream artifacts already exist for 2026-05-26; continuing
[2026-05-26T17:25:46] $ 'C:\Users\mostg\OneDrive\Coding\Syndicate\.venv\Scripts\python.exe' -m nba_betting.cli fetch-schedule
─────────────────────────────── Fetch Schedule ────────────────────────────────
Failed to fetch schedule: Failed to fetch NBA schedule payload: 403 Client 
Error: Forbidden for url: 
https://cdn.nba.com/static/json/staticData/scheduleLeagueV2_1.json
[2026-05-26T17:25:48] $ 'C:\Users\mostg\OneDrive\Coding\Syndicate\.venv\Scripts\python.exe' -m nba_betting.cli predict-date --date 2026-05-26
─────────────────────────────── Predict (Date) ────────────────────────────────
C:\Users\mostg\OneDrive\Coding\NBA-Betting\src\nba_betting\cli.py:13021: DeprecationWarning: ScoreboardV2 has known issues with line score data for 2025-26 season games (October 22 - December 25, 2025). Please use ScoreboardV3 instead. ScoreboardV3 is fully backward compatible and works for all historical seasons. See: https://github.com/swar/nba_api/issues/596
  sb = scoreboardv2.ScoreboardV2(game_date=date_str, day_offset=0, timeout=30)
Scoreboard fetch failed (Scoreboard returned empty tables); trying fallbacks 
for 2026-05-26.
Warning: pyarrow not available, skipping parquet fallback
Updating Elo ---------------------------------------- 100% 0:00:00
[Building enhanced features (45 features)...]

======================================================================
ENHANCED FEATURE ENGINEERING
======================================================================

[1/3] Building base features (ELO, rest, form, schedule)...
Built 94 base features

[2/3] Adding advanced statistics (pace, efficiency, Four Factors)...
Loaded advanced stats from C:\Users\mostg\OneDrive\Coding\NBA-Betting\data\processed\team_advanced_stats_2025.csv
Added 13 advanced stats features
Added 19 advanced stat features

[3/3] Adding injury impact features...
Loaded 15383 injury records
Added injury features for 10687 games
   Average home injuries: 0.00
   Average visitor injuries: 0.00
Added 9 injury features

======================================================================
TOTAL FEATURES: 122
======================================================================

[NPU] Using NPU-accelerated predictions (ONNX + QNN)
[INFO][LOADING] Loading NBA Game Models with NPU acceleration...
[OK] Loaded 56 game features from feature_columns_enhanced.joblib
[READY] Ready with 0 models (0 NPU-accelerated)
Traceback (most recent call last):
  File "<frozen runpy>", line 198, in _run_module_as_main
  File "<frozen runpy>", line 88, in _run_code
  File "C:\Users\mostg\OneDrive\Coding\NBA-Betting\src\nba_betting\cli.py", line 15307, in <module>
    cli()
  File "C:\Users\mostg\OneDrive\Coding\Syndicate\.venv\Lib\site-packages\click\core.py", line 1157, in __call__
    return self.main(*args, **kwargs)
           ^^^^^^^^^^^^^^^^^^^^^^^^^^
  File "C:\Users\mostg\OneDrive\Coding\Syndicate\.venv\Lib\site-packages\click\core.py", line 1078, in main
    rv = self.invoke(ctx)
         ^^^^^^^^^^^^^^^^
  File "C:\Users\mostg\OneDrive\Coding\Syndicate\.venv\Lib\site-packages\click\core.py", line 1688, in invoke
    return _process_result(sub_ctx.command.invoke(sub_ctx))
                           ^^^^^^^^^^^^^^^^^^^^^^^^^^^^^^^
  File "C:\Users\mostg\OneDrive\Coding\Syndicate\.venv\Lib\site-packages\click\core.py", line 1434, in invoke
    return ctx.invoke(self.callback, **ctx.params)
           ^^^^^^^^^^^^^^^^^^^^^^^^^^^^^^^^^^^^^^^
  File "C:\Users\mostg\OneDrive\Coding\Syndicate\.venv\Lib\site-packages\click\core.py", line 783, in invoke
    return __callback(*args, **kwargs)
           ^^^^^^^^^^^^^^^^^^^^^^^^^^^
  File "C:\Users\mostg\OneDrive\Coding\NBA-Betting\src\nba_betting\cli.py", line 13076, in predict_date_cmd
    res = _predict_from_matchups(slate)
          ^^^^^^^^^^^^^^^^^^^^^^^^^^^^^
  File "C:\Users\mostg\OneDrive\Coding\NBA-Betting\src\nba_betting\cli.py", line 12347, in _predict_from_matchups
    res["home_win_prob"] = [r["win_prob"] for r in npu_results]
                           ^^^^^^^^^^^^^^^^^^^^^^^^^^^^^^^^^^^^
  File "C:\Users\mostg\OneDrive\Coding\NBA-Betting\src\nba_betting\cli.py", line 12347, in <listcomp>
    res["home_win_prob"] = [r["win_prob"] for r in npu_results]
                            ~^^^^^^^^^^^^
KeyError: 'win_prob'
[2026-05-26T17:26:07] predict-date failed with exit code 1; retrying via CPU daily-update fallback
[2026-05-26T17:26:07] $ 'C:\Users\mostg\OneDrive\Coding\Syndicate\.venv\Scripts\python.exe' -m nba_betting.cli daily-update --date 2026-05-26 --no-npu --no-git-push
──────────────────────────── Enhanced Daily Update ────────────────────────────
[NPU] Running enhanced daily update for 2026-05-26
[INFO] NPU Acceleration: Disabled
🔄 Reconciliation window: 7 days
📅 Updating schedule...
Schedule update failed: Failed to fetch NBA schedule payload: 403 Client Error:
Forbidden for url: 
https://cdn.nba.com/static/json/staticData/scheduleLeagueV2_1.json
👥 Updating rosters...
[fetch_rosters] start season=2025-26 teams=30 seed=rosters_2025-26.csv seed_teams=30 timeout=10s retries=2
[fetch_rosters] team=ATL attempt=1/2
[fetch_rosters] progress refreshed=1/30 latest=ATL
[fetch_rosters] team=BOS attempt=1/2
[fetch_rosters] team=CLE attempt=1/2
[fetch_rosters] team=NOP attempt=1/2
[fetch_rosters] team=CHI attempt=1/2
[fetch_rosters] progress refreshed=5/30 latest=CHI
[fetch_rosters] team=DAL attempt=1/2
[fetch_rosters] team=DEN attempt=1/2
[fetch_rosters] team=GSW attempt=1/2
[fetch_rosters] team=HOU attempt=1/2
[fetch_rosters] team=LAC attempt=1/2
[fetch_rosters] progress refreshed=10/30 latest=LAC
[fetch_rosters] team=LAL attempt=1/2
[fetch_rosters] team=MIA attempt=1/2
[fetch_rosters] team=MIL attempt=1/2
[fetch_rosters] team=MIN attempt=1/2
[fetch_rosters] team=BKN attempt=1/2
[fetch_rosters] progress refreshed=15/30 latest=BKN
[fetch_rosters] team=NYK attempt=1/2
[fetch_rosters] team=ORL attempt=1/2
[fetch_rosters] team=IND attempt=1/2
[fetch_rosters] team=PHI attempt=1/2
[fetch_rosters] team=PHX attempt=1/2
[fetch_rosters] progress refreshed=20/30 latest=PHX
[fetch_rosters] team=POR attempt=1/2
[fetch_rosters] team=SAC attempt=1/2
[fetch_rosters] team=SAS attempt=1/2
[fetch_rosters] team=OKC attempt=1/2
[fetch_rosters] team=TOR attempt=1/2
[fetch_rosters] progress refreshed=25/30 latest=TOR
[fetch_rosters] team=UTA attempt=1/2
[fetch_rosters] team=MEM attempt=1/2
[fetch_rosters] team=WAS attempt=1/2
[fetch_rosters] team=DET attempt=1/2
[fetch_rosters] team=CHA attempt=1/2
[fetch_rosters] progress refreshed=30/30 latest=CHA
[fetch_rosters] season=2025-26 refreshed=30 stored_teams=30 seed=rosters_2025-26.csv timeout=10s retries=2
{'roster_rows': 530}
[INFO] Updating player logs...
Player logs refreshed
[SEARCH] Reconciling game actuals for last 7 days...
  [OK] Game actuals for 2026-05-25 (rc=0)
  [OK] Game actuals for 2026-05-24 (rc=0)
  [OK] Game actuals for 2026-05-23 (rc=0)
  [OK] Game actuals for 2026-05-22 (rc=0)
  [OK] Game actuals for 2026-05-21 (rc=0)
  [OK] Game actuals for 2026-05-20 (rc=0)
  [OK] Game actuals for 2026-05-19 (rc=0)
[ACTION] Reconciling prop actuals for last 7 days...
[2026-05-26T17:29:19] $ 'C:\Users\mostg\OneDrive\Coding\Syndicate\.venv\Scripts\python.exe' 'C:\Users\mostg\OneDrive\Coding\Syndicate\scripts\fetch_basketball_oddsapi_props_local.py' --league nba --date 2026-05-26 --out 'C:\Users\mostg\OneDrive\Coding\NBA-Betting\data\raw\odds_nba_player_props_2026-05-26.csv' --regions us
Wrote C:\Users\mostg\OneDrive\Coding\NBA-Betting\data\raw\odds_nba_player_props_2026-05-26.csv with 2093 rows.
[2026-05-26T17:29:21] Materialized processed OddsAPI props snapshot alias: C:\Users\mostg\OneDrive\Coding\NBA-Betting\data\processed\oddsapi_player_props_2026-05-26.csv (rows=2093)
[WARN] Props model artifacts missing; using priors + rolling-stat fallback predictions
Traceback (most recent call last):
  File "C:\Users\mostg\OneDrive\Coding\Syndicate\syndicate\features\shared\basketball_props_predictions.py", line 429, in export_props_predictions_local
    finalize_props_predictions_local(
  File "C:\Users\mostg\OneDrive\Coding\Syndicate\syndicate\features\shared\basketball_props_predictions.py", line 357, in finalize_props_predictions_local
    raise RuntimeError(f"predict-props produced no rows for {date_str}")
RuntimeError: predict-props produced no rows for 2026-05-26
[2026-05-26T17:29:49] predict-props returned exit code 1 but downstream artifacts already exist for 2026-05-26; continuing
[2026-05-26T17:29:49] $ 'C:\Users\mostg\OneDrive\Coding\Syndicate\.venv\Scripts\python.exe' -m nba_betting.cli fetch-schedule
─────────────────────────────── Fetch Schedule ────────────────────────────────
Failed to fetch schedule: Failed to fetch NBA schedule payload: 403 Client 
Error: Forbidden for url: 
https://cdn.nba.com/static/json/staticData/scheduleLeagueV2_1.json
[2026-05-26T17:29:51] $ 'C:\Users\mostg\OneDrive\Coding\Syndicate\.venv\Scripts\python.exe' -m nba_betting.cli predict-date --date 2026-05-26
─────────────────────────────── Predict (Date) ────────────────────────────────
C:\Users\mostg\OneDrive\Coding\NBA-Betting\src\nba_betting\cli.py:13021: DeprecationWarning: ScoreboardV2 has known issues with line score data for 2025-26 season games (October 22 - December 25, 2025). Please use ScoreboardV3 instead. ScoreboardV3 is fully backward compatible and works for all historical seasons. See: https://github.com/swar/nba_api/issues/596
  sb = scoreboardv2.ScoreboardV2(game_date=date_str, day_offset=0, timeout=30)
Scoreboard fetch failed (Scoreboard returned empty tables); trying fallbacks 
for 2026-05-26.
Warning: pyarrow not available, skipping parquet fallback
Updating Elo ---------------------------------------- 100% 0:00:00
[Building enhanced features (45 features)...]

======================================================================
ENHANCED FEATURE ENGINEERING
======================================================================

[1/3] Building base features (ELO, rest, form, schedule)...
Built 94 base features

[2/3] Adding advanced statistics (pace, efficiency, Four Factors)...
Loaded advanced stats from C:\Users\mostg\OneDrive\Coding\NBA-Betting\data\processed\team_advanced_stats_2025.csv
Added 13 advanced stats features
Added 19 advanced stat features

[3/3] Adding injury impact features...
Loaded 15383 injury records
Added injury features for 10687 games
   Average home injuries: 0.00
   Average visitor injuries: 0.00
Added 9 injury features

======================================================================
TOTAL FEATURES: 122
======================================================================

[NPU] Using NPU-accelerated predictions (ONNX + QNN)
[INFO][LOADING] Loading NBA Game Models with NPU acceleration...
[OK] Loaded 56 game features from feature_columns_enhanced.joblib
[READY] Ready with 0 models (0 NPU-accelerated)
Traceback (most recent call last):
  File "<frozen runpy>", line 198, in _run_module_as_main
  File "<frozen runpy>", line 88, in _run_code
  File "C:\Users\mostg\OneDrive\Coding\NBA-Betting\src\nba_betting\cli.py", line 15307, in <module>
    cli()
  File "C:\Users\mostg\OneDrive\Coding\Syndicate\.venv\Lib\site-packages\click\core.py", line 1157, in __call__
    return self.main(*args, **kwargs)
           ^^^^^^^^^^^^^^^^^^^^^^^^^^
  File "C:\Users\mostg\OneDrive\Coding\Syndicate\.venv\Lib\site-packages\click\core.py", line 1078, in main
    rv = self.invoke(ctx)
         ^^^^^^^^^^^^^^^^
  File "C:\Users\mostg\OneDrive\Coding\Syndicate\.venv\Lib\site-packages\click\core.py", line 1688, in invoke
    return _process_result(sub_ctx.command.invoke(sub_ctx))
                           ^^^^^^^^^^^^^^^^^^^^^^^^^^^^^^^
  File "C:\Users\mostg\OneDrive\Coding\Syndicate\.venv\Lib\site-packages\click\core.py", line 1434, in invoke
    return ctx.invoke(self.callback, **ctx.params)
           ^^^^^^^^^^^^^^^^^^^^^^^^^^^^^^^^^^^^^^^
  File "C:\Users\mostg\OneDrive\Coding\Syndicate\.venv\Lib\site-packages\click\core.py", line 783, in invoke
    return __callback(*args, **kwargs)
           ^^^^^^^^^^^^^^^^^^^^^^^^^^^
  File "C:\Users\mostg\OneDrive\Coding\NBA-Betting\src\nba_betting\cli.py", line 13076, in predict_date_cmd
    res = _predict_from_matchups(slate)
          ^^^^^^^^^^^^^^^^^^^^^^^^^^^^^
  File "C:\Users\mostg\OneDrive\Coding\NBA-Betting\src\nba_betting\cli.py", line 12347, in _predict_from_matchups
    res["home_win_prob"] = [r["win_prob"] for r in npu_results]
                           ^^^^^^^^^^^^^^^^^^^^^^^^^^^^^^^^^^^^
  File "C:\Users\mostg\OneDrive\Coding\NBA-Betting\src\nba_betting\cli.py", line 12347, in <listcomp>
    res["home_win_prob"] = [r["win_prob"] for r in npu_results]
                            ~^^^^^^^^^^^^
KeyError: 'win_prob'
[2026-05-26T17:30:10] predict-date failed with exit code 1; retrying via CPU daily-update fallback
[2026-05-26T17:30:10] $ 'C:\Users\mostg\OneDrive\Coding\Syndicate\.venv\Scripts\python.exe' -m nba_betting.cli daily-update --date 2026-05-26 --no-npu --no-git-push
──────────────────────────── Enhanced Daily Update ────────────────────────────
[NPU] Running enhanced daily update for 2026-05-26
[INFO] NPU Acceleration: Disabled
🔄 Reconciliation window: 7 days
📅 Updating schedule...
Schedule update failed: Failed to fetch NBA schedule payload: 403 Client Error:
Forbidden for url: 
https://cdn.nba.com/static/json/staticData/scheduleLeagueV2_1.json
👥 Updating rosters...
[fetch_rosters] start season=2025-26 teams=30 seed=rosters_2025-26.csv seed_teams=30 timeout=10s retries=2
[fetch_rosters] team=ATL attempt=1/2
[fetch_rosters] team=ATL attempt=1/2 failed: HTTPSConnectionPool(host='stats.nba.com', port=443): Read timed out. (read timeout=10)
[fetch_rosters] team=ATL attempt=2/2
[fetch_rosters] team=ATL attempt=2/2 failed: HTTPSConnectionPool(host='stats.nba.com', port=443): Read timed out. (read timeout=10)
[fetch_rosters] team=BOS attempt=1/2
[fetch_rosters] progress refreshed=1/30 latest=BOS
[fetch_rosters] team=CLE attempt=1/2
[fetch_rosters] team=NOP attempt=1/2
[fetch_rosters] team=CHI attempt=1/2
[fetch_rosters] team=DAL attempt=1/2
[fetch_rosters] progress refreshed=5/30 latest=DAL
[fetch_rosters] team=DEN attempt=1/2
[fetch_rosters] team=GSW attempt=1/2
[fetch_rosters] team=HOU attempt=1/2
[fetch_rosters] team=LAC attempt=1/2
[fetch_rosters] team=LAL attempt=1/2
[fetch_rosters] progress refreshed=10/30 latest=LAL
[fetch_rosters] team=MIA attempt=1/2
[fetch_rosters] team=MIL attempt=1/2
[fetch_rosters] team=MIN attempt=1/2
[fetch_rosters] team=BKN attempt=1/2
[fetch_rosters] team=NYK attempt=1/2
[fetch_rosters] progress refreshed=15/30 latest=NYK
[fetch_rosters] team=ORL attempt=1/2
[fetch_rosters] team=IND attempt=1/2
[fetch_rosters] team=PHI attempt=1/2
[fetch_rosters] team=PHX attempt=1/2
[fetch_rosters] team=POR attempt=1/2
[fetch_rosters] progress refreshed=20/30 latest=POR
[2026-05-26T17:35:12] $ 'C:\Users\mostg\OneDrive\Coding\Syndicate\.venv\Scripts\python.exe' 'C:\Users\mostg\OneDrive\Coding\Syndicate\scripts\fetch_basketball_oddsapi_props_local.py' --league nba --date 2026-05-26 --out 'C:\Users\mostg\OneDrive\Coding\NBA-Betting\data\raw\odds_nba_player_props_2026-05-26.csv' --regions us
Wrote C:\Users\mostg\OneDrive\Coding\NBA-Betting\data\raw\odds_nba_player_props_2026-05-26.csv with 2095 rows.
[2026-05-26T17:35:13] Materialized processed OddsAPI props snapshot alias: C:\Users\mostg\OneDrive\Coding\NBA-Betting\data\processed\oddsapi_player_props_2026-05-26.csv (rows=2095)
[WARN] Props model artifacts missing; using priors + rolling-stat fallback predictions
Traceback (most recent call last):
  File "C:\Users\mostg\OneDrive\Coding\Syndicate\syndicate\features\shared\basketball_props_predictions.py", line 429, in export_props_predictions_local
    finalize_props_predictions_local(
  File "C:\Users\mostg\OneDrive\Coding\Syndicate\syndicate\features\shared\basketball_props_predictions.py", line 357, in finalize_props_predictions_local
    raise RuntimeError(f"predict-props produced no rows for {date_str}")
RuntimeError: predict-props produced no rows for 2026-05-26
[2026-05-26T17:35:42] predict-props returned exit code 1 but downstream artifacts already exist for 2026-05-26; continuing
[2026-05-26T17:35:42] $ 'C:\Users\mostg\OneDrive\Coding\Syndicate\.venv\Scripts\python.exe' -m nba_betting.cli fetch-schedule
─────────────────────────────── Fetch Schedule ────────────────────────────────
Failed to fetch schedule: Failed to fetch NBA schedule payload: 403 Client 
Error: Forbidden for url: 
https://cdn.nba.com/static/json/staticData/scheduleLeagueV2_1.json
[2026-05-26T17:35:44] $ 'C:\Users\mostg\OneDrive\Coding\Syndicate\.venv\Scripts\python.exe' -m nba_betting.cli predict-date --date 2026-05-26
─────────────────────────────── Predict (Date) ────────────────────────────────
C:\Users\mostg\OneDrive\Coding\NBA-Betting\src\nba_betting\cli.py:13057: DeprecationWarning: ScoreboardV2 has known issues with line score data for 2025-26 season games (October 22 - December 25, 2025). Please use ScoreboardV3 instead. ScoreboardV3 is fully backward compatible and works for all historical seasons. See: https://github.com/swar/nba_api/issues/596
  sb = scoreboardv2.ScoreboardV2(game_date=date_str, day_offset=0, timeout=30)
Scoreboard fetch failed (HTTPSConnectionPool(host='stats.nba.com', port=443): 
Read timed out. (read timeout=30)); trying fallbacks for 2026-05-26.
Warning: pyarrow not available, skipping parquet fallback
Updating Elo ---------------------------------------- 100% 0:00:01
[Building enhanced features (45 features)...]

======================================================================
ENHANCED FEATURE ENGINEERING
======================================================================

[1/3] Building base features (ELO, rest, form, schedule)...
Built 94 base features

[2/3] Adding advanced statistics (pace, efficiency, Four Factors)...
Loaded advanced stats from C:\Users\mostg\OneDrive\Coding\NBA-Betting\data\processed\team_advanced_stats_2025.csv
Added 13 advanced stats features
Added 19 advanced stat features

[3/3] Adding injury impact features...
Loaded 15383 injury records
Added injury features for 10687 games
   Average home injuries: 0.00
   Average visitor injuries: 0.00
Added 9 injury features

======================================================================
TOTAL FEATURES: 122
======================================================================

[NPU] Using NPU-accelerated predictions (ONNX + QNN)
[INFO][LOADING] Loading NBA Game Models with NPU acceleration...
[OK] Loaded 56 game features from feature_columns_enhanced.joblib
[OK] WIN_PROB loaded (CPU fallback from win_prob_enhanced.joblib)
[OK] SPREAD_MARGIN loaded (CPU fallback from spread_margin_enhanced.joblib)
[OK] TOTALS loaded (CPU fallback from totals_enhanced.joblib)
[OK] Loaded halves models: 6 CPU (ONNX not available)
[OK] Loaded quarters models: 12 CPU (ONNX not available)
[READY] Ready with 21 models (0 NPU-accelerated)
⚠️  NPU predictor not available: X has 56 features, but StandardScaler is 
expecting 17 features as input.
Falling back to sklearn models (requires sklearn installed)...
{
    'game_odds_rows': 1,
    'output': 
'C:\\Users\\mostg\\OneDrive\\Coding\\NBA-Betting\\data\\processed\\game_odds_20
26-05-26.csv'
}
Saved predictions to 
C:\Users\mostg\OneDrive\Coding\NBA-Betting\data\processed\predictions_2026-05-2
6.csv
[2026-05-26T17:36:43] Skipping local props recommendations export for 2026-05-26: props predictions were not refreshed
[2026-05-26T17:36:43] $ 'C:\Users\mostg\OneDrive\Coding\Syndicate\.venv\Scripts\python.exe' -m nba_betting.cli export-recommendations --date 2026-05-26
{
    'rows': 0,
    'output': 
'C:\\Users\\mostg\\OneDrive\\Coding\\NBA-Betting\\data\\processed\\recommendati
ons_2026-05-26.csv'
}
[2026-05-26T17:36:45] export-recommendations did not create expected artifact: C:\Users\mostg\OneDrive\Coding\NBA-Betting\data\processed\recommendations_2026-05-26.csv
[2026-05-26T17:43:24] $ 'C:\Users\mostg\OneDrive\Coding\Syndicate\.venv\Scripts\python.exe' 'C:\Users\mostg\OneDrive\Coding\Syndicate\scripts\fetch_basketball_oddsapi_props_local.py' --league nba --date 2026-05-26 --out 'C:\Users\mostg\OneDrive\Coding\NBA-Betting\data\raw\odds_nba_player_props_2026-05-26.csv' --regions us
Wrote C:\Users\mostg\OneDrive\Coding\NBA-Betting\data\raw\odds_nba_player_props_2026-05-26.csv with 2101 rows.
[2026-05-26T17:43:25] Materialized processed OddsAPI props snapshot alias: C:\Users\mostg\OneDrive\Coding\NBA-Betting\data\processed\oddsapi_player_props_2026-05-26.csv (rows=2101)
[WARN] Props model artifacts missing; using priors + rolling-stat fallback predictions
Traceback (most recent call last):
  File "C:\Users\mostg\OneDrive\Coding\Syndicate\syndicate\features\shared\basketball_props_predictions.py", line 429, in export_props_predictions_local
    finalize_props_predictions_local(
  File "C:\Users\mostg\OneDrive\Coding\Syndicate\syndicate\features\shared\basketball_props_predictions.py", line 357, in finalize_props_predictions_local
    raise RuntimeError(f"predict-props produced no rows for {date_str}")
RuntimeError: predict-props produced no rows for 2026-05-26
[2026-05-26T17:46:31] $ 'C:\Users\mostg\OneDrive\Coding\Syndicate\.venv\Scripts\python.exe' 'C:\Users\mostg\OneDrive\Coding\Syndicate\scripts\fetch_basketball_oddsapi_props_local.py' --league nba --date 2026-05-26 --out 'C:\Users\mostg\OneDrive\Coding\NBA-Betting\data\raw\odds_nba_player_props_2026-05-26.csv' --regions us
Wrote C:\Users\mostg\OneDrive\Coding\NBA-Betting\data\raw\odds_nba_player_props_2026-05-26.csv with 2101 rows.
[2026-05-26T17:46:33] Materialized processed OddsAPI props snapshot alias: C:\Users\mostg\OneDrive\Coding\NBA-Betting\data\processed\oddsapi_player_props_2026-05-26.csv (rows=2101)
[WARN] Props model artifacts missing; using priors + rolling-stat fallback predictions
Traceback (most recent call last):
  File "C:\Users\mostg\OneDrive\Coding\Syndicate\syndicate\features\shared\basketball_props_predictions.py", line 429, in export_props_predictions_local
    finalize_props_predictions_local(
  File "C:\Users\mostg\OneDrive\Coding\Syndicate\syndicate\features\shared\basketball_props_predictions.py", line 357, in finalize_props_predictions_local
    raise RuntimeError(f"predict-props produced no rows for {date_str}")
RuntimeError: predict-props produced no rows for 2026-05-26
[WARN] Props model artifacts missing; using priors + rolling-stat fallback predictions
Traceback (most recent call last):
  File "C:\Users\mostg\OneDrive\Coding\Syndicate\syndicate\features\shared\basketball_props_predictions.py", line 429, in export_props_predictions_local
    finalize_props_predictions_local(
  File "C:\Users\mostg\OneDrive\Coding\Syndicate\syndicate\features\shared\basketball_props_predictions.py", line 357, in finalize_props_predictions_local
    raise RuntimeError(f"predict-props produced no rows for {date_str}")
RuntimeError: predict-props produced no rows for 2026-05-26
[WARN] Props model artifacts missing; using priors + rolling-stat fallback predictions
[WARN] Props model artifacts missing; using priors + rolling-stat fallback predictions
Traceback (most recent call last):
  File "C:\Users\mostg\OneDrive\Coding\Syndicate\syndicate\features\shared\basketball_props_predictions.py", line 414, in export_props_predictions_local
    basketball_props_smart_sim.export_props_predictions_with_smart_sim_local(
  File "C:\Users\mostg\OneDrive\Coding\Syndicate\syndicate\features\shared\basketball_props_smart_sim.py", line 4706, in export_props_predictions_with_smart_sim_local
    raise RuntimeError(reason)
RuntimeError: SmartSim produced no player rows for 2026-05-26; see smart_sim_failures_2026-05-26.csv
[WARN] Props model artifacts missing; using priors + rolling-stat fallback predictions
Traceback (most recent call last):
  File "C:\Users\mostg\OneDrive\Coding\Syndicate\syndicate\features\shared\basketball_props_predictions.py", line 414, in export_props_predictions_local
    basketball_props_smart_sim.export_props_predictions_with_smart_sim_local(
  File "C:\Users\mostg\OneDrive\Coding\Syndicate\syndicate\features\shared\basketball_props_smart_sim.py", line 4726, in export_props_predictions_with_smart_sim_local
    raise RuntimeError(reason)
RuntimeError: SmartSim produced no player rows for 2026-05-26
[WARN] Props model artifacts missing; using priors + rolling-stat fallback predictions
[2026-05-26T17:57:46] $ 'C:\Users\mostg\OneDrive\Coding\Syndicate\.venv\Scripts\python.exe' 'C:\Users\mostg\OneDrive\Coding\Syndicate\scripts\fetch_basketball_oddsapi_props_local.py' --league nba --date 2026-05-26 --out 'C:\Users\mostg\OneDrive\Coding\NBA-Betting\data\raw\odds_nba_player_props_2026-05-26.csv' --regions us
Wrote C:\Users\mostg\OneDrive\Coding\NBA-Betting\data\raw\odds_nba_player_props_2026-05-26.csv with 2096 rows.
[2026-05-26T17:57:48] Materialized processed OddsAPI props snapshot alias: C:\Users\mostg\OneDrive\Coding\NBA-Betting\data\processed\oddsapi_player_props_2026-05-26.csv (rows=2096)
[WARN] Props model artifacts missing; using priors + rolling-stat fallback predictions
[2026-05-26T17:58:17] $ 'C:\Users\mostg\OneDrive\Coding\Syndicate\.venv\Scripts\python.exe' -m nba_betting.cli fetch-schedule
─────────────────────────────── Fetch Schedule ────────────────────────────────
Failed to fetch schedule: Failed to fetch NBA schedule payload: 403 Client 
Error: Forbidden for url: 
https://cdn.nba.com/static/json/staticData/scheduleLeagueV2_1.json
[2026-05-26T17:58:19] $ 'C:\Users\mostg\OneDrive\Coding\Syndicate\.venv\Scripts\python.exe' -m nba_betting.cli predict-date --date 2026-05-26
─────────────────────────────── Predict (Date) ────────────────────────────────
C:\Users\mostg\OneDrive\Coding\NBA-Betting\src\nba_betting\cli.py:13057: DeprecationWarning: ScoreboardV2 has known issues with line score data for 2025-26 season games (October 22 - December 25, 2025). Please use ScoreboardV3 instead. ScoreboardV3 is fully backward compatible and works for all historical seasons. See: https://github.com/swar/nba_api/issues/596
  sb = scoreboardv2.ScoreboardV2(game_date=date_str, day_offset=0, timeout=30)
Scoreboard fetch failed (Scoreboard returned empty tables); trying fallbacks 
for 2026-05-26.
Warning: pyarrow not available, skipping parquet fallback
Updating Elo ---------------------------------------- 100% 0:00:00
[Building enhanced features (45 features)...]

======================================================================
ENHANCED FEATURE ENGINEERING
======================================================================

[1/3] Building base features (ELO, rest, form, schedule)...
Built 94 base features

[2/3] Adding advanced statistics (pace, efficiency, Four Factors)...
Loaded advanced stats from C:\Users\mostg\OneDrive\Coding\NBA-Betting\data\processed\team_advanced_stats_2025.csv
Added 13 advanced stats features
Added 19 advanced stat features

[3/3] Adding injury impact features...
Loaded 15383 injury records
Added injury features for 10687 games
   Average home injuries: 0.00
   Average visitor injuries: 0.00
Added 9 injury features

======================================================================
TOTAL FEATURES: 122
======================================================================

[NPU] Using NPU-accelerated predictions (ONNX + QNN)
[INFO][LOADING] Loading NBA Game Models with NPU acceleration...
[OK] Loaded 56 game features from feature_columns_enhanced.joblib
[OK] WIN_PROB loaded (CPU fallback from win_prob_enhanced.joblib)
[OK] SPREAD_MARGIN loaded (CPU fallback from spread_margin_enhanced.joblib)
[OK] TOTALS loaded (CPU fallback from totals_enhanced.joblib)
[OK] Loaded halves models: 6 CPU (ONNX not available)
[OK] Loaded quarters models: 12 CPU (ONNX not available)
[READY] Ready with 21 models (0 NPU-accelerated)
⚠️  NPU predictor not available: X has 56 features, but StandardScaler is 
expecting 17 features as input.
Falling back to sklearn models (requires sklearn installed)...
{
    'game_odds_rows': 1,
    'output': 
'C:\\Users\\mostg\\OneDrive\\Coding\\NBA-Betting\\data\\processed\\game_odds_20
26-05-26.csv'
}
Saved predictions to 
C:\Users\mostg\OneDrive\Coding\NBA-Betting\data\processed\predictions_2026-05-2
6.csv
[2026-05-26T17:58:39] $ 'C:\Users\mostg\OneDrive\Coding\Syndicate\.venv\Scripts\python.exe' -m nba_betting.cli export-recommendations --date 2026-05-26
{
    'rows': 0,
    'output': 
'C:\\Users\\mostg\\OneDrive\\Coding\\NBA-Betting\\data\\processed\\recommendati
ons_2026-05-26.csv'
}
[2026-05-26T17:58:41] export-recommendations did not create expected artifact: C:\Users\mostg\OneDrive\Coding\NBA-Betting\data\processed\recommendations_2026-05-26.csv
[2026-05-26T17:58:41] $ 'C:\Users\mostg\OneDrive\Coding\Syndicate\.venv\Scripts\python.exe' -m nba_betting.cli export-game-cards --date 2026-05-26
────────────────────────────── Export Game Cards ──────────────────────────────
{
    'rows': 1,
    'output': 
'C:\\Users\\mostg\\OneDrive\\Coding\\NBA-Betting\\data\\processed\\game_cards_2
026-05-26.csv'
}
[2026-05-26T17:58:43] removed stale export artifact after sim parity failure: C:\Users\mostg\OneDrive\Coding\NBA-Betting\data\processed\game_cards_2026-05-26.csv
[2026-05-26T18:16:31] $ 'C:\Users\mostg\OneDrive\Coding\Syndicate\.venv\Scripts\python.exe' 'C:\Users\mostg\OneDrive\Coding\Syndicate\scripts\fetch_basketball_oddsapi_props_local.py' --league nba --date 2026-05-26 --out 'C:\Users\mostg\OneDrive\Coding\NBA-Betting\data\raw\odds_nba_player_props_2026-05-26.csv' --regions us
Wrote C:\Users\mostg\OneDrive\Coding\NBA-Betting\data\raw\odds_nba_player_props_2026-05-26.csv with 2090 rows.
[2026-05-26T18:16:33] Materialized processed OddsAPI props snapshot alias: C:\Users\mostg\OneDrive\Coding\NBA-Betting\data\processed\oddsapi_player_props_2026-05-26.csv (rows=2090)
[WARN] Props model artifacts missing; using priors + rolling-stat fallback predictions
[2026-05-26T18:17:10] $ 'C:\Users\mostg\OneDrive\Coding\Syndicate\.venv\Scripts\python.exe' -m nba_betting.cli fetch-schedule
─────────────────────────────── Fetch Schedule ────────────────────────────────
Failed to fetch schedule: Failed to fetch NBA schedule payload: 403 Client 
Error: Forbidden for url: 
https://cdn.nba.com/static/json/staticData/scheduleLeagueV2_1.json
[2026-05-26T18:17:12] $ 'C:\Users\mostg\OneDrive\Coding\Syndicate\.venv\Scripts\python.exe' -m nba_betting.cli predict-date --date 2026-05-26
─────────────────────────────── Predict (Date) ────────────────────────────────
C:\Users\mostg\OneDrive\Coding\NBA-Betting\src\nba_betting\cli.py:13057: DeprecationWarning: ScoreboardV2 has known issues with line score data for 2025-26 season games (October 22 - December 25, 2025). Please use ScoreboardV3 instead. ScoreboardV3 is fully backward compatible and works for all historical seasons. See: https://github.com/swar/nba_api/issues/596
  sb = scoreboardv2.ScoreboardV2(game_date=date_str, day_offset=0, timeout=30)
Scoreboard fetch failed (Scoreboard returned empty tables); trying fallbacks 
for 2026-05-26.
Warning: pyarrow not available, skipping parquet fallback
Updating Elo ---------------------------------------- 100% 0:00:00
[Building enhanced features (45 features)...]

======================================================================
ENHANCED FEATURE ENGINEERING
======================================================================

[1/3] Building base features (ELO, rest, form, schedule)...
Built 94 base features

[2/3] Adding advanced statistics (pace, efficiency, Four Factors)...
Loaded advanced stats from C:\Users\mostg\OneDrive\Coding\NBA-Betting\data\processed\team_advanced_stats_2025.csv
Added 13 advanced stats features
Added 19 advanced stat features

[3/3] Adding injury impact features...
Loaded 15383 injury records
Added injury features for 10687 games
   Average home injuries: 0.00
   Average visitor injuries: 0.00
Added 9 injury features

======================================================================
TOTAL FEATURES: 122
======================================================================

[NPU] Using NPU-accelerated predictions (ONNX + QNN)
[INFO][LOADING] Loading NBA Game Models with NPU acceleration...
[OK] Loaded 56 game features from feature_columns_enhanced.joblib
[OK] WIN_PROB loaded (CPU fallback from win_prob_enhanced.joblib)
[OK] SPREAD_MARGIN loaded (CPU fallback from spread_margin_enhanced.joblib)
[OK] TOTALS loaded (CPU fallback from totals_enhanced.joblib)
[OK] Loaded halves models: 6 CPU (ONNX not available)
[OK] Loaded quarters models: 12 CPU (ONNX not available)
[READY] Ready with 21 models (0 NPU-accelerated)
⚠️  NPU predictor not available: X has 56 features, but StandardScaler is 
expecting 17 features as input.
Falling back to sklearn models (requires sklearn installed)...
{
    'game_odds_rows': 1,
    'output': 
'C:\\Users\\mostg\\OneDrive\\Coding\\NBA-Betting\\data\\processed\\game_odds_20
26-05-26.csv'
}
Saved predictions to 
C:\Users\mostg\OneDrive\Coding\NBA-Betting\data\processed\predictions_2026-05-2
6.csv
[2026-05-26T18:17:31] $ 'C:\Users\mostg\OneDrive\Coding\Syndicate\.venv\Scripts\python.exe' -m nba_betting.cli export-recommendations --date 2026-05-26
{
    'rows': 0,
    'output': 
'C:\\Users\\mostg\\OneDrive\\Coding\\NBA-Betting\\data\\processed\\recommendati
ons_2026-05-26.csv'
}
[2026-05-26T18:17:33] export-recommendations did not create expected artifact: C:\Users\mostg\OneDrive\Coding\NBA-Betting\data\processed\recommendations_2026-05-26.csv
[2026-05-26T18:17:33] $ 'C:\Users\mostg\OneDrive\Coding\Syndicate\.venv\Scripts\python.exe' -m nba_betting.cli export-game-cards --date 2026-05-26
────────────────────────────── Export Game Cards ──────────────────────────────
{
    'rows': 1,
    'output': 
'C:\\Users\\mostg\\OneDrive\\Coding\\NBA-Betting\\data\\processed\\game_cards_2
026-05-26.csv'
}
[2026-05-26T18:18:09] $ 'C:\Users\mostg\OneDrive\Coding\Syndicate\.venv\Scripts\python.exe' 'C:\Users\mostg\OneDrive\Coding\Syndicate\scripts\fetch_basketball_oddsapi_props_local.py' --league nba --date 2026-05-26 --out 'C:\Users\mostg\OneDrive\Coding\NBA-Betting\data\raw\odds_nba_player_props_2026-05-26.csv' --regions us
Wrote C:\Users\mostg\OneDrive\Coding\NBA-Betting\data\raw\odds_nba_player_props_2026-05-26.csv with 2090 rows.
[2026-05-26T18:18:11] Materialized processed OddsAPI props snapshot alias: C:\Users\mostg\OneDrive\Coding\NBA-Betting\data\processed\oddsapi_player_props_2026-05-26.csv (rows=2090)
[WARN] Props model artifacts missing; using priors + rolling-stat fallback predictions
[2026-05-26T18:18:39] $ 'C:\Users\mostg\OneDrive\Coding\Syndicate\.venv\Scripts\python.exe' -m nba_betting.cli fetch-schedule
─────────────────────────────── Fetch Schedule ────────────────────────────────
Failed to fetch schedule: Failed to fetch NBA schedule payload: 403 Client 
Error: Forbidden for url: 
https://cdn.nba.com/static/json/staticData/scheduleLeagueV2_1.json
[2026-05-26T18:18:41] $ 'C:\Users\mostg\OneDrive\Coding\Syndicate\.venv\Scripts\python.exe' -m nba_betting.cli predict-date --date 2026-05-26
─────────────────────────────── Predict (Date) ────────────────────────────────
C:\Users\mostg\OneDrive\Coding\NBA-Betting\src\nba_betting\cli.py:13057: DeprecationWarning: ScoreboardV2 has known issues with line score data for 2025-26 season games (October 22 - December 25, 2025). Please use ScoreboardV3 instead. ScoreboardV3 is fully backward compatible and works for all historical seasons. See: https://github.com/swar/nba_api/issues/596
  sb = scoreboardv2.ScoreboardV2(game_date=date_str, day_offset=0, timeout=30)
Scoreboard fetch failed (Scoreboard returned empty tables); trying fallbacks 
for 2026-05-26.
Warning: pyarrow not available, skipping parquet fallback
Updating Elo ---------------------------------------- 100% 0:00:00
[Building enhanced features (45 features)...]

======================================================================
ENHANCED FEATURE ENGINEERING
======================================================================

[1/3] Building base features (ELO, rest, form, schedule)...
Built 94 base features

[2/3] Adding advanced statistics (pace, efficiency, Four Factors)...
Loaded advanced stats from C:\Users\mostg\OneDrive\Coding\NBA-Betting\data\processed\team_advanced_stats_2025.csv
Added 13 advanced stats features
Added 19 advanced stat features

[3/3] Adding injury impact features...
Loaded 15383 injury records
Added injury features for 10687 games
   Average home injuries: 0.00
   Average visitor injuries: 0.00
Added 9 injury features

======================================================================
TOTAL FEATURES: 122
======================================================================

[NPU] Using NPU-accelerated predictions (ONNX + QNN)
[INFO][LOADING] Loading NBA Game Models with NPU acceleration...
[OK] Loaded 56 game features from feature_columns_enhanced.joblib
[OK] WIN_PROB loaded (CPU fallback from win_prob_enhanced.joblib)
[OK] SPREAD_MARGIN loaded (CPU fallback from spread_margin_enhanced.joblib)
[OK] TOTALS loaded (CPU fallback from totals_enhanced.joblib)
[OK] Loaded halves models: 6 CPU (ONNX not available)
[OK] Loaded quarters models: 12 CPU (ONNX not available)
[READY] Ready with 21 models (0 NPU-accelerated)
⚠️  NPU predictor not available: X has 56 features, but StandardScaler is 
expecting 17 features as input.
Falling back to sklearn models (requires sklearn installed)...
{
    'game_odds_rows': 1,
    'output': 
'C:\\Users\\mostg\\OneDrive\\Coding\\NBA-Betting\\data\\processed\\game_odds_20
26-05-26.csv'
}
Saved predictions to 
C:\Users\mostg\OneDrive\Coding\NBA-Betting\data\processed\predictions_2026-05-2
6.csv
[2026-05-26T18:19:01] $ 'C:\Users\mostg\OneDrive\Coding\Syndicate\.venv\Scripts\python.exe' -m nba_betting.cli export-recommendations --date 2026-05-26
{
    'rows': 0,
    'output': 
'C:\\Users\\mostg\\OneDrive\\Coding\\NBA-Betting\\data\\processed\\recommendati
ons_2026-05-26.csv'
}
[2026-05-26T18:19:02] export-recommendations did not create expected artifact: C:\Users\mostg\OneDrive\Coding\NBA-Betting\data\processed\recommendations_2026-05-26.csv
[2026-05-26T18:19:02] cards_sim_detail snapshot export failed before parity gate: WindowsPath('C:/Users/mostg/OneDrive/Coding/NBA-Betting/data/processed/cards_sim_detail_2026-05-26.json') and WindowsPath('C:/Users/mostg/OneDrive/Coding/NBA-Betting/data/processed/cards_sim_detail_2026-05-26.json') are the same file
[2026-05-26T18:21:19] $ 'C:\Users\mostg\OneDrive\Coding\Syndicate\.venv\Scripts\python.exe' 'C:\Users\mostg\OneDrive\Coding\Syndicate\scripts\fetch_basketball_oddsapi_props_local.py' --league nba --date 2026-05-26 --out 'C:\Users\mostg\OneDrive\Coding\NBA-Betting\data\raw\odds_nba_player_props_2026-05-26.csv' --regions us
Wrote C:\Users\mostg\OneDrive\Coding\NBA-Betting\data\raw\odds_nba_player_props_2026-05-26.csv with 2090 rows.
[2026-05-26T18:21:21] Materialized processed OddsAPI props snapshot alias: C:\Users\mostg\OneDrive\Coding\NBA-Betting\data\processed\oddsapi_player_props_2026-05-26.csv (rows=2090)
[WARN] Props model artifacts missing; using priors + rolling-stat fallback predictions
[2026-05-26T18:21:48] $ 'C:\Users\mostg\OneDrive\Coding\Syndicate\.venv\Scripts\python.exe' -m nba_betting.cli fetch-schedule
─────────────────────────────── Fetch Schedule ────────────────────────────────
Failed to fetch schedule: Failed to fetch NBA schedule payload: 403 Client 
Error: Forbidden for url: 
https://cdn.nba.com/static/json/staticData/scheduleLeagueV2_1.json
[2026-05-26T18:21:49] $ 'C:\Users\mostg\OneDrive\Coding\Syndicate\.venv\Scripts\python.exe' -m nba_betting.cli predict-date --date 2026-05-26
─────────────────────────────── Predict (Date) ────────────────────────────────
C:\Users\mostg\OneDrive\Coding\NBA-Betting\src\nba_betting\cli.py:13057: DeprecationWarning: ScoreboardV2 has known issues with line score data for 2025-26 season games (October 22 - December 25, 2025). Please use ScoreboardV3 instead. ScoreboardV3 is fully backward compatible and works for all historical seasons. See: https://github.com/swar/nba_api/issues/596
  sb = scoreboardv2.ScoreboardV2(game_date=date_str, day_offset=0, timeout=30)
Scoreboard fetch failed (Scoreboard returned empty tables); trying fallbacks 
for 2026-05-26.
Warning: pyarrow not available, skipping parquet fallback
Updating Elo ---------------------------------------- 100% 0:00:00
[Building enhanced features (45 features)...]

======================================================================
ENHANCED FEATURE ENGINEERING
======================================================================

[1/3] Building base features (ELO, rest, form, schedule)...
Built 94 base features

[2/3] Adding advanced statistics (pace, efficiency, Four Factors)...
Loaded advanced stats from C:\Users\mostg\OneDrive\Coding\NBA-Betting\data\processed\team_advanced_stats_2025.csv
Added 13 advanced stats features
Added 19 advanced stat features

[3/3] Adding injury impact features...
Loaded 15383 injury records
Added injury features for 10687 games
   Average home injuries: 0.00
   Average visitor injuries: 0.00
Added 9 injury features

======================================================================
TOTAL FEATURES: 122
======================================================================

[NPU] Using NPU-accelerated predictions (ONNX + QNN)
[INFO][LOADING] Loading NBA Game Models with NPU acceleration...
[OK] Loaded 56 game features from feature_columns_enhanced.joblib
[OK] WIN_PROB loaded (CPU fallback from win_prob_enhanced.joblib)
[OK] SPREAD_MARGIN loaded (CPU fallback from spread_margin_enhanced.joblib)
[OK] TOTALS loaded (CPU fallback from totals_enhanced.joblib)
[OK] Loaded halves models: 6 CPU (ONNX not available)
[OK] Loaded quarters models: 12 CPU (ONNX not available)
[READY] Ready with 21 models (0 NPU-accelerated)
⚠️  NPU predictor not available: X has 56 features, but StandardScaler is 
expecting 17 features as input.
Falling back to sklearn models (requires sklearn installed)...
{
    'game_odds_rows': 1,
    'output': 
'C:\\Users\\mostg\\OneDrive\\Coding\\NBA-Betting\\data\\processed\\game_odds_20
26-05-26.csv'
}
Saved predictions to 
C:\Users\mostg\OneDrive\Coding\NBA-Betting\data\processed\predictions_2026-05-2
6.csv
[2026-05-26T18:22:09] $ 'C:\Users\mostg\OneDrive\Coding\Syndicate\.venv\Scripts\python.exe' -m nba_betting.cli export-recommendations --date 2026-05-26
{
    'rows': 0,
    'output': 
'C:\\Users\\mostg\\OneDrive\\Coding\\NBA-Betting\\data\\processed\\recommendati
ons_2026-05-26.csv'
}
[2026-05-26T18:22:11] export-recommendations did not create expected artifact: C:\Users\mostg\OneDrive\Coding\NBA-Betting\data\processed\recommendations_2026-05-26.csv
[2026-05-26T18:25:08] $ 'C:\Users\mostg\OneDrive\Coding\Syndicate\.venv\Scripts\python.exe' 'C:\Users\mostg\OneDrive\Coding\Syndicate\scripts\fetch_basketball_oddsapi_props_local.py' --league nba --date 2026-05-26 --out 'C:\Users\mostg\OneDrive\Coding\NBA-Betting\data\raw\odds_nba_player_props_2026-05-26.csv' --regions us
Wrote C:\Users\mostg\OneDrive\Coding\NBA-Betting\data\raw\odds_nba_player_props_2026-05-26.csv with 2090 rows.
[2026-05-26T18:25:11] Materialized processed OddsAPI props snapshot alias: C:\Users\mostg\OneDrive\Coding\NBA-Betting\data\processed\oddsapi_player_props_2026-05-26.csv (rows=2090)
[WARN] Props model artifacts missing; using priors + rolling-stat fallback predictions
[2026-05-26T18:25:41] $ 'C:\Users\mostg\OneDrive\Coding\Syndicate\.venv\Scripts\python.exe' -m nba_betting.cli fetch-schedule
─────────────────────────────── Fetch Schedule ────────────────────────────────
Failed to fetch schedule: Failed to fetch NBA schedule payload: 403 Client 
Error: Forbidden for url: 
https://cdn.nba.com/static/json/staticData/scheduleLeagueV2_1.json
[2026-05-26T18:25:43] $ 'C:\Users\mostg\OneDrive\Coding\Syndicate\.venv\Scripts\python.exe' -m nba_betting.cli predict-date --date 2026-05-26
─────────────────────────────── Predict (Date) ────────────────────────────────
C:\Users\mostg\OneDrive\Coding\NBA-Betting\src\nba_betting\cli.py:13057: DeprecationWarning: ScoreboardV2 has known issues with line score data for 2025-26 season games (October 22 - December 25, 2025). Please use ScoreboardV3 instead. ScoreboardV3 is fully backward compatible and works for all historical seasons. See: https://github.com/swar/nba_api/issues/596
  sb = scoreboardv2.ScoreboardV2(game_date=date_str, day_offset=0, timeout=30)
Scoreboard fetch failed (Scoreboard returned empty tables); trying fallbacks 
for 2026-05-26.
Warning: pyarrow not available, skipping parquet fallback
Updating Elo ---------------------------------------- 100% 0:00:00
[Building enhanced features (45 features)...]

======================================================================
ENHANCED FEATURE ENGINEERING
======================================================================

[1/3] Building base features (ELO, rest, form, schedule)...
Built 94 base features

[2/3] Adding advanced statistics (pace, efficiency, Four Factors)...
Loaded advanced stats from C:\Users\mostg\OneDrive\Coding\NBA-Betting\data\processed\team_advanced_stats_2025.csv
Added 13 advanced stats features
Added 19 advanced stat features

[3/3] Adding injury impact features...
Loaded 15383 injury records
Added injury features for 10687 games
   Average home injuries: 0.00
   Average visitor injuries: 0.00
Added 9 injury features

======================================================================
TOTAL FEATURES: 122
======================================================================

[NPU] Using NPU-accelerated predictions (ONNX + QNN)
[INFO][LOADING] Loading NBA Game Models with NPU acceleration...
[OK] Loaded 56 game features from feature_columns_enhanced.joblib
[OK] WIN_PROB loaded (CPU fallback from win_prob_enhanced.joblib)
[OK] SPREAD_MARGIN loaded (CPU fallback from spread_margin_enhanced.joblib)
[OK] TOTALS loaded (CPU fallback from totals_enhanced.joblib)
[OK] Loaded halves models: 6 CPU (ONNX not available)
[OK] Loaded quarters models: 12 CPU (ONNX not available)
[READY] Ready with 21 models (0 NPU-accelerated)
⚠️  NPU predictor not available: X has 56 features, but StandardScaler is 
expecting 17 features as input.
Falling back to sklearn models (requires sklearn installed)...
{
    'game_odds_rows': 1,
    'output': 
'C:\\Users\\mostg\\OneDrive\\Coding\\NBA-Betting\\data\\processed\\game_odds_20
26-05-26.csv'
}
Saved predictions to 
C:\Users\mostg\OneDrive\Coding\NBA-Betting\data\processed\predictions_2026-05-2
6.csv
[2026-05-26T18:26:04] $ 'C:\Users\mostg\OneDrive\Coding\Syndicate\.venv\Scripts\python.exe' -m nba_betting.cli export-recommendations --date 2026-05-26
{
    'rows': 0,
    'output': 
'C:\\Users\\mostg\\OneDrive\\Coding\\NBA-Betting\\data\\processed\\recommendati
ons_2026-05-26.csv'
}
[2026-05-26T18:26:06] export-recommendations did not create expected artifact: C:\Users\mostg\OneDrive\Coding\NBA-Betting\data\processed\recommendations_2026-05-26.csv
