[2026-06-11T00:58:09] $ 'c:\Users\tempadmin\AppData\Local\Programs\Python\Python311-arm64\python.exe' 'C:\Users\tempadmin\OneDrive\Coding\Syndicate\scripts\fetch_basketball_oddsapi_props_local.py' --league nba --date 2026-06-10 --out 'C:\Users\tempadmin\OneDrive\Coding\Syndicate\vendor\nba_betting_repo\data\raw\odds_nba_player_props_2026-06-10.csv' --regions us
C:\Users\tempadmin\OneDrive\Coding\Syndicate\scripts\fetch_basketball_oddsapi_props_local.py:193: Pandas4Warning: Timestamp.utcnow is deprecated and will be removed in a future version. Use Timestamp.now('UTC') instead.
  snapshot_ts = pd.Timestamp.utcnow().isoformat()
Wrote C:\Users\tempadmin\OneDrive\Coding\Syndicate\vendor\nba_betting_repo\data\raw\odds_nba_player_props_2026-06-10.csv with 1011 rows.
[2026-06-11T00:58:11] Materialized processed OddsAPI props snapshot alias: C:\Users\tempadmin\OneDrive\Coding\Syndicate\vendor\nba_betting_repo\data\processed\oddsapi_player_props_2026-06-10.csv (rows=1011)
[2026-06-11T00:58:11] Generating required game predictions artifact via source bootstrap: C:\Users\tempadmin\OneDrive\Coding\Syndicate\vendor\nba_betting_repo\data\processed\predictions_2026-06-10.csv
[2026-06-11T00:58:11] $ 'c:\Users\tempadmin\AppData\Local\Programs\Python\Python311-arm64\python.exe' -m nba_betting.cli fetch-schedule
─────────────────────────────── Fetch Schedule ────────────────────────────────
Saved schedule to 
C:\Users\tempadmin\OneDrive\Coding\Syndicate\vendor\nba_betting_repo\data\proce
ssed\schedule_2025_26.json and 
C:\Users\tempadmin\OneDrive\Coding\Syndicate\vendor\nba_betting_repo\data\proce
ssed\schedule_2025_26.csv
{'rows': 2450, 'unique_dates': 325}
[2026-06-11T00:58:13] Seeded fallback game odds slate from props snapshot: C:\Users\tempadmin\OneDrive\Coding\Syndicate\vendor\nba_betting_repo\data\processed\game_odds_2026-06-10.csv (rows=1)
[2026-06-11T00:58:13] $ 'c:\Users\tempadmin\AppData\Local\Programs\Python\Python311-arm64\python.exe' -m nba_betting.cli export-game-cards --date 2026-06-10
────────────────────────────── Export Game Cards ──────────────────────────────
{
    'rows': 1,
    'output': 
'C:\\Users\\tempadmin\\OneDrive\\Coding\\Syndicate\\vendor\\nba_betting_repo\\d
ata\\processed\\game_cards_2026-06-10.csv'
}
[2026-06-11T00:58:15] $ 'c:\Users\tempadmin\AppData\Local\Programs\Python\Python311-arm64\python.exe' -m nba_betting.cli predict-date --date 2026-06-10
─────────────────────────────── Predict (Date) ────────────────────────────────
Updating Elo ---------------------------------------- 100% 0:00:00
[Building enhanced features (45 features)...]

======================================================================
ENHANCED FEATURE ENGINEERING
======================================================================

[1/3] Building base features (ELO, rest, form, schedule)...
Built 44 base features

[2/3] Adding advanced statistics (pace, efficiency, Four Factors)...
Rejecting advanced stats cache C:\Users\tempadmin\OneDrive\Coding\Syndicate\vendor\nba_betting_repo\data\processed\team_advanced_stats_2025.csv as incomplete or flat
Rejecting advanced stats cache C:\Users\tempadmin\OneDrive\Coding\Syndicate\vendor\nba_betting_repo\data\processed\team_advanced_stats_2025_asof_2026-06-03.csv as incomplete or flat
Using cached advanced stats from C:\Users\tempadmin\OneDrive\Coding\Syndicate\vendor\nba_betting_repo\data\processed\team_advanced_stats_2025.csv as a last resort
Added 13 advanced stats features
Added 19 advanced stat features

[3/3] Adding injury impact features...
No injury data found. Run: python -m nba_betting.cli fetch-injuries
Added 9 injury features

======================================================================
TOTAL FEATURES: 72
======================================================================

[NPU] Using NPU-accelerated predictions (ONNX + QNN)
[INFO][LOADING] Loading NBA Game Models with NPU acceleration...
[OK] Loaded 56 game features from feature_columns_enhanced.joblib
[OK] WIN_PROB loaded (CPU fallback from win_prob_enhanced.joblib)
[OK] SPREAD_MARGIN loaded (CPU fallback from spread_margin_enhanced.joblib)
[OK] TOTALS loaded (CPU fallback from totals_enhanced.joblib)
[OK] Loaded halves models: 6 CPU (ONNX not available)
[OK] Loaded quarters models: 12 CPU (ONNX not available)
[READY] Ready with 21 models (0 NPU-accelerated)
WARNING: NPU predictor not available: X has 56 features, but StandardScaler is 
expecting 17 features as input.
Falling back to sklearn models (requires sklearn installed)...
{
    'game_odds_rows': 1,
    'output': 
'C:\\Users\\tempadmin\\OneDrive\\Coding\\Syndicate\\vendor\\nba_betting_repo\\d
ata\\processed\\game_odds_2026-06-10.csv'
}
Saved predictions to 
C:\Users\tempadmin\OneDrive\Coding\Syndicate\vendor\nba_betting_repo\data\proce
ssed\predictions_2026-06-10.csv
[2026-06-11T00:58:27] Generated game predictions at C:\Users\tempadmin\OneDrive\Coding\Syndicate\vendor\nba_betting_repo\data\processed\predictions_2026-06-10.csv (rows=1)
[WARN] Props model artifacts missing; using priors + rolling-stat fallback predictions
[2026-06-11T00:58:58] $ 'c:\Users\tempadmin\AppData\Local\Programs\Python\Python311-arm64\python.exe' -m nba_betting_repo.cli export-game-cards --date 2026-06-10
c:\Users\tempadmin\AppData\Local\Programs\Python\Python311-arm64\python.exe: Error while finding module specification for 'nba_betting_repo.cli' (ModuleNotFoundError: No module named 'nba_betting_repo')
[2026-06-11T00:58:58] Built local game_cards from game_odds fallback: C:\Users\tempadmin\OneDrive\Coding\Syndicate\vendor\nba_betting_repo\data\processed\game_cards_2026-06-10.csv (rows=1)
