[2026-05-28T21:02:39] $ 'C:\Users\tempadmin\AppData\Local\Programs\Python\Python311-arm64\python.exe' 'C:\Users\tempadmin\OneDrive\Coding\Syndicate\scripts\fetch_basketball_oddsapi_props_local.py' --league nba --date 2026-05-28 --out 'C:\Users\tempadmin\OneDrive\Coding\Syndicate\vendor\nba_betting_repo\data\raw\odds_nba_player_props_2026-05-28.csv' --regions us
C:\Users\tempadmin\OneDrive\Coding\Syndicate\scripts\fetch_basketball_oddsapi_props_local.py:193: Pandas4Warning: Timestamp.utcnow is deprecated and will be removed in a future version. Use Timestamp.now('UTC') instead.
  snapshot_ts = pd.Timestamp.utcnow().isoformat()
Wrote C:\Users\tempadmin\OneDrive\Coding\Syndicate\vendor\nba_betting_repo\data\raw\odds_nba_player_props_2026-05-28.csv with 2015 rows.
[2026-05-28T21:02:41] Materialized processed OddsAPI props snapshot alias: C:\Users\tempadmin\OneDrive\Coding\Syndicate\vendor\nba_betting_repo\data\processed\oddsapi_player_props_2026-05-28.csv (rows=2015)
[2026-05-28T21:02:41] $ 'C:\Users\tempadmin\AppData\Local\Programs\Python\Python311-arm64\python.exe' -m nba_betting.cli fetch-schedule
─────────────────────────────── Fetch Schedule ────────────────────────────────
Failed to fetch schedule: Failed to fetch NBA schedule payload: 403 Client 
Error: Forbidden for url: 
https://cdn.nba.com/static/json/staticData/scheduleLeagueV2_1.json
[2026-05-28T21:02:42] $ 'C:\Users\tempadmin\AppData\Local\Programs\Python\Python311-arm64\python.exe' -m nba_betting.cli predict-date --date 2026-05-28
─────────────────────────────── Predict (Date) ────────────────────────────────
C:\Users\tempadmin\OneDrive\Coding\Syndicate\vendor\nba_betting_repo\src\nba_betting\cli.py:13024: DeprecationWarning: ScoreboardV2 has known issues with line score data for 2025-26 season games (October 22 - December 25, 2025). Please use ScoreboardV3 instead. ScoreboardV3 is fully backward compatible and works for all historical seasons. See: https://github.com/swar/nba_api/issues/596
  sb = scoreboardv2.ScoreboardV2(game_date=date_str, day_offset=0, timeout=30)
Updating Elo ---------------------------------------- 100% 0:00:00
Traceback (most recent call last):
  File "<frozen runpy>", line 198, in _run_module_as_main
  File "<frozen runpy>", line 88, in _run_code
  File "C:\Users\tempadmin\OneDrive\Coding\Syndicate\vendor\nba_betting_repo\src\nba_betting\cli.py", line 15310, in <module>
    cli()
  File "C:\Users\tempadmin\AppData\Local\Programs\Python\Python311-arm64\Lib\site-packages\click\core.py", line 1524, in __call__
    return self.main(*args, **kwargs)
           ^^^^^^^^^^^^^^^^^^^^^^^^^^
  File "C:\Users\tempadmin\AppData\Local\Programs\Python\Python311-arm64\Lib\site-packages\click\core.py", line 1445, in main
    rv = self.invoke(ctx)
         ^^^^^^^^^^^^^^^^
  File "C:\Users\tempadmin\AppData\Local\Programs\Python\Python311-arm64\Lib\site-packages\click\core.py", line 1912, in invoke
    return _process_result(sub_ctx.command.invoke(sub_ctx))
                           ^^^^^^^^^^^^^^^^^^^^^^^^^^^^^^^
  File "C:\Users\tempadmin\AppData\Local\Programs\Python\Python311-arm64\Lib\site-packages\click\core.py", line 1308, in invoke
    return ctx.invoke(self.callback, **ctx.params)
           ^^^^^^^^^^^^^^^^^^^^^^^^^^^^^^^^^^^^^^^
  File "C:\Users\tempadmin\AppData\Local\Programs\Python\Python311-arm64\Lib\site-packages\click\core.py", line 877, in invoke
    return callback(*args, **kwargs)
           ^^^^^^^^^^^^^^^^^^^^^^^^^
  File "C:\Users\tempadmin\OneDrive\Coding\Syndicate\vendor\nba_betting_repo\src\nba_betting\cli.py", line 13079, in predict_date_cmd
    res = _predict_from_matchups(slate)
          ^^^^^^^^^^^^^^^^^^^^^^^^^^^^^
  File "C:\Users\tempadmin\OneDrive\Coding\Syndicate\vendor\nba_betting_repo\src\nba_betting\cli.py", line 12300, in _predict_from_matchups
    from .features_enhanced import build_features_enhanced
  File "C:\Users\tempadmin\OneDrive\Coding\Syndicate\vendor\nba_betting_repo\src\nba_betting\features_enhanced.py", line 14, in <module>
    from .scrapers import BasketballReferenceScraper, NBAInjuryDatabase
  File "C:\Users\tempadmin\OneDrive\Coding\Syndicate\vendor\nba_betting_repo\src\nba_betting\scrapers\__init__.py", line 4, in <module>
    from .injuries import ESPNInjuryScraper, NBAInjuryDatabase
  File "C:\Users\tempadmin\OneDrive\Coding\Syndicate\vendor\nba_betting_repo\src\nba_betting\scrapers\injuries.py", line 18, in <module>
    from pypdf import PdfReader
ModuleNotFoundError: No module named 'pypdf'
[2026-05-28T21:03:06] $ 'C:\Users\tempadmin\AppData\Local\Programs\Python\Python311-arm64\python.exe' 'C:\Users\tempadmin\OneDrive\Coding\Syndicate\scripts\fetch_basketball_oddsapi_props_local.py' --league nba --date 2026-05-28 --out 'C:\Users\tempadmin\OneDrive\Coding\Syndicate\vendor\nba_betting_repo\data\raw\odds_nba_player_props_2026-05-28.csv' --regions us
C:\Users\tempadmin\OneDrive\Coding\Syndicate\scripts\fetch_basketball_oddsapi_props_local.py:193: Pandas4Warning: Timestamp.utcnow is deprecated and will be removed in a future version. Use Timestamp.now('UTC') instead.
  snapshot_ts = pd.Timestamp.utcnow().isoformat()
Wrote C:\Users\tempadmin\OneDrive\Coding\Syndicate\vendor\nba_betting_repo\data\raw\odds_nba_player_props_2026-05-28.csv with 2015 rows.
[2026-05-28T21:03:07] Materialized processed OddsAPI props snapshot alias: C:\Users\tempadmin\OneDrive\Coding\Syndicate\vendor\nba_betting_repo\data\processed\oddsapi_player_props_2026-05-28.csv (rows=2015)
[2026-05-28T21:03:07] $ 'C:\Users\tempadmin\AppData\Local\Programs\Python\Python311-arm64\python.exe' -m nba_betting.cli fetch-schedule
─────────────────────────────── Fetch Schedule ────────────────────────────────
Failed to fetch schedule: Failed to fetch NBA schedule payload: 403 Client 
Error: Forbidden for url: 
https://cdn.nba.com/static/json/staticData/scheduleLeagueV2_1.json
[2026-05-28T21:03:08] $ 'C:\Users\tempadmin\AppData\Local\Programs\Python\Python311-arm64\python.exe' -m nba_betting.cli predict-date --date 2026-05-28
─────────────────────────────── Predict (Date) ────────────────────────────────
C:\Users\tempadmin\OneDrive\Coding\Syndicate\vendor\nba_betting_repo\src\nba_betting\cli.py:13024: DeprecationWarning: ScoreboardV2 has known issues with line score data for 2025-26 season games (October 22 - December 25, 2025). Please use ScoreboardV3 instead. ScoreboardV3 is fully backward compatible and works for all historical seasons. See: https://github.com/swar/nba_api/issues/596
  sb = scoreboardv2.ScoreboardV2(game_date=date_str, day_offset=0, timeout=30)
Updating Elo ---------------------------------------- 100% 0:00:00
[Building enhanced features (45 features)...]

======================================================================
ENHANCED FEATURE ENGINEERING
======================================================================

[1/3] Building base features (ELO, rest, form, schedule)...
Built 44 base features

[2/3] Adding advanced statistics (pace, efficiency, Four Factors)...
Loaded advanced stats from C:\Users\tempadmin\OneDrive\Coding\Syndicate\vendor\nba_betting_repo\data\processed\team_advanced_stats_2025.csv
Added 13 advanced stats features
Added 19 advanced stat features

[3/3] Adding injury impact features...
No injury data found. Run: python -m nba_betting.cli fetch-injuries
Added 9 injury features

======================================================================
TOTAL FEATURES: 72
======================================================================

[NPU] Using NPU-accelerated predictions (ONNX + QNN)
[INFO][LOADING] Loading NBA Game Models with NPU acceleration...
[OK] Loaded 56 game features from feature_columns_enhanced.joblib
[READY] Ready with 0 models (0 NPU-accelerated)
Traceback (most recent call last):
  File "<frozen runpy>", line 198, in _run_module_as_main
  File "<frozen runpy>", line 88, in _run_code
  File "C:\Users\tempadmin\OneDrive\Coding\Syndicate\vendor\nba_betting_repo\src\nba_betting\cli.py", line 15310, in <module>
    cli()
  File "C:\Users\tempadmin\AppData\Local\Programs\Python\Python311-arm64\Lib\site-packages\click\core.py", line 1524, in __call__
    return self.main(*args, **kwargs)
           ^^^^^^^^^^^^^^^^^^^^^^^^^^
  File "C:\Users\tempadmin\AppData\Local\Programs\Python\Python311-arm64\Lib\site-packages\click\core.py", line 1445, in main
    rv = self.invoke(ctx)
         ^^^^^^^^^^^^^^^^
  File "C:\Users\tempadmin\AppData\Local\Programs\Python\Python311-arm64\Lib\site-packages\click\core.py", line 1912, in invoke
    return _process_result(sub_ctx.command.invoke(sub_ctx))
                           ^^^^^^^^^^^^^^^^^^^^^^^^^^^^^^^
  File "C:\Users\tempadmin\AppData\Local\Programs\Python\Python311-arm64\Lib\site-packages\click\core.py", line 1308, in invoke
    return ctx.invoke(self.callback, **ctx.params)
           ^^^^^^^^^^^^^^^^^^^^^^^^^^^^^^^^^^^^^^^
  File "C:\Users\tempadmin\AppData\Local\Programs\Python\Python311-arm64\Lib\site-packages\click\core.py", line 877, in invoke
    return callback(*args, **kwargs)
           ^^^^^^^^^^^^^^^^^^^^^^^^^
  File "C:\Users\tempadmin\OneDrive\Coding\Syndicate\vendor\nba_betting_repo\src\nba_betting\cli.py", line 13079, in predict_date_cmd
    res = _predict_from_matchups(slate)
          ^^^^^^^^^^^^^^^^^^^^^^^^^^^^^
  File "C:\Users\tempadmin\OneDrive\Coding\Syndicate\vendor\nba_betting_repo\src\nba_betting\cli.py", line 12350, in _predict_from_matchups
    res["home_win_prob"] = [r["win_prob"] for r in npu_results]
                           ^^^^^^^^^^^^^^^^^^^^^^^^^^^^^^^^^^^^
  File "C:\Users\tempadmin\OneDrive\Coding\Syndicate\vendor\nba_betting_repo\src\nba_betting\cli.py", line 12350, in <listcomp>
    res["home_win_prob"] = [r["win_prob"] for r in npu_results]
                            ~^^^^^^^^^^^^
KeyError: 'win_prob'
[2026-05-28T21:04:13] $ 'C:\Users\tempadmin\AppData\Local\Programs\Python\Python311-arm64\python.exe' 'C:\Users\tempadmin\OneDrive\Coding\Syndicate\scripts\fetch_basketball_oddsapi_props_local.py' --league nba --date 2026-05-28 --out 'C:\Users\tempadmin\OneDrive\Coding\Syndicate\vendor\nba_betting_repo\data\raw\odds_nba_player_props_2026-05-28.csv' --regions us
C:\Users\tempadmin\OneDrive\Coding\Syndicate\scripts\fetch_basketball_oddsapi_props_local.py:193: Pandas4Warning: Timestamp.utcnow is deprecated and will be removed in a future version. Use Timestamp.now('UTC') instead.
  snapshot_ts = pd.Timestamp.utcnow().isoformat()
Wrote C:\Users\tempadmin\OneDrive\Coding\Syndicate\vendor\nba_betting_repo\data\raw\odds_nba_player_props_2026-05-28.csv with 2015 rows.
[2026-05-28T21:04:14] Materialized processed OddsAPI props snapshot alias: C:\Users\tempadmin\OneDrive\Coding\Syndicate\vendor\nba_betting_repo\data\processed\oddsapi_player_props_2026-05-28.csv (rows=2015)
[2026-05-28T21:04:14] $ 'C:\Users\tempadmin\AppData\Local\Programs\Python\Python311-arm64\python.exe' -m nba_betting.cli fetch-schedule
─────────────────────────────── Fetch Schedule ────────────────────────────────
Failed to fetch schedule: Failed to fetch NBA schedule payload: 403 Client 
Error: Forbidden for url: 
https://cdn.nba.com/static/json/staticData/scheduleLeagueV2_1.json
[2026-05-28T21:04:16] $ 'C:\Users\tempadmin\AppData\Local\Programs\Python\Python311-arm64\python.exe' -m nba_betting.cli predict-date --date 2026-05-28
─────────────────────────────── Predict (Date) ────────────────────────────────
C:\Users\tempadmin\OneDrive\Coding\Syndicate\vendor\nba_betting_repo\src\nba_betting\cli.py:13024: DeprecationWarning: ScoreboardV2 has known issues with line score data for 2025-26 season games (October 22 - December 25, 2025). Please use ScoreboardV3 instead. ScoreboardV3 is fully backward compatible and works for all historical seasons. See: https://github.com/swar/nba_api/issues/596
  sb = scoreboardv2.ScoreboardV2(game_date=date_str, day_offset=0, timeout=30)
Updating Elo ---------------------------------------- 100% 0:00:00
[Building enhanced features (45 features)...]

======================================================================
ENHANCED FEATURE ENGINEERING
======================================================================

[1/3] Building base features (ELO, rest, form, schedule)...
Built 44 base features

[2/3] Adding advanced statistics (pace, efficiency, Four Factors)...
Loaded advanced stats from C:\Users\tempadmin\OneDrive\Coding\Syndicate\vendor\nba_betting_repo\data\processed\team_advanced_stats_2025.csv
Added 13 advanced stats features
Added 19 advanced stat features

[3/3] Adding injury impact features...
No injury data found. Run: python -m nba_betting.cli fetch-injuries
Added 9 injury features

======================================================================
TOTAL FEATURES: 72
======================================================================

[NPU] Using NPU-accelerated predictions (ONNX + QNN)
[INFO][LOADING] Loading NBA Game Models with NPU acceleration...
[OK] Loaded 56 game features from feature_columns_enhanced.joblib
[OK] WIN_PROB loaded (CPU fallback from win_prob_enhanced.joblib)
[OK] SPREAD_MARGIN loaded (CPU fallback from spread_margin_enhanced.joblib)
[OK] TOTALS loaded (CPU fallback from totals_enhanced.joblib)
[OK] Loaded halves models: 6 CPU (ONNX not available)
[OK] Loaded quarters models: 12 CPU (ONNX not available)
[READY] Ready with 21 models (0 NPU-accelerated)
Traceback (most recent call last):
  File "<frozen runpy>", line 198, in _run_module_as_main
  File "<frozen runpy>", line 88, in _run_code
  File "C:\Users\tempadmin\OneDrive\Coding\Syndicate\vendor\nba_betting_repo\src\nba_betting\cli.py", line 15310, in <module>
    cli()
  File "C:\Users\tempadmin\AppData\Local\Programs\Python\Python311-arm64\Lib\site-packages\click\core.py", line 1524, in __call__
    return self.main(*args, **kwargs)
           ^^^^^^^^^^^^^^^^^^^^^^^^^^
  File "C:\Users\tempadmin\AppData\Local\Programs\Python\Python311-arm64\Lib\site-packages\click\core.py", line 1445, in main
    rv = self.invoke(ctx)
         ^^^^^^^^^^^^^^^^
  File "C:\Users\tempadmin\AppData\Local\Programs\Python\Python311-arm64\Lib\site-packages\click\core.py", line 1912, in invoke
    return _process_result(sub_ctx.command.invoke(sub_ctx))
                           ^^^^^^^^^^^^^^^^^^^^^^^^^^^^^^^
  File "C:\Users\tempadmin\AppData\Local\Programs\Python\Python311-arm64\Lib\site-packages\click\core.py", line 1308, in invoke
    return ctx.invoke(self.callback, **ctx.params)
           ^^^^^^^^^^^^^^^^^^^^^^^^^^^^^^^^^^^^^^^
  File "C:\Users\tempadmin\AppData\Local\Programs\Python\Python311-arm64\Lib\site-packages\click\core.py", line 877, in invoke
    return callback(*args, **kwargs)
           ^^^^^^^^^^^^^^^^^^^^^^^^^
  File "C:\Users\tempadmin\OneDrive\Coding\Syndicate\vendor\nba_betting_repo\src\nba_betting\cli.py", line 13079, in predict_date_cmd
    res = _predict_from_matchups(slate)
          ^^^^^^^^^^^^^^^^^^^^^^^^^^^^^
  File "C:\Users\tempadmin\OneDrive\Coding\Syndicate\vendor\nba_betting_repo\src\nba_betting\cli.py", line 12347, in _predict_from_matchups
    npu_results = npu_predictor.predict_batch(X_np, include_periods=True)
                  ^^^^^^^^^^^^^^^^^^^^^^^^^^^^^^^^^^^^^^^^^^^^^^^^^^^^^^^
  File "C:\Users\tempadmin\OneDrive\Coding\Syndicate\vendor\nba_betting_repo\src\nba_betting\games_npu.py", line 396, in predict_batch
    prediction = self.predict_game(game_features, include_periods)
                 ^^^^^^^^^^^^^^^^^^^^^^^^^^^^^^^^^^^^^^^^^^^^^^^^^
  File "C:\Users\tempadmin\OneDrive\Coding\Syndicate\vendor\nba_betting_repo\src\nba_betting\games_npu.py", line 320, in predict_game
    result = model.predict(features)
             ^^^^^^^^^^^^^^^^^^^^^^^
  File "C:\Users\tempadmin\AppData\Local\Programs\Python\Python311-arm64\Lib\site-packages\sklearn\pipeline.py", line 745, in predict
    Xt = transform.transform(Xt)
         ^^^^^^^^^^^^^^^^^^^^^^^
  File "C:\Users\tempadmin\AppData\Local\Programs\Python\Python311-arm64\Lib\site-packages\sklearn\utils\_set_output.py", line 316, in wrapped
    data_to_wrap = f(self, X, *args, **kwargs)
                   ^^^^^^^^^^^^^^^^^^^^^^^^^^^
  File "C:\Users\tempadmin\AppData\Local\Programs\Python\Python311-arm64\Lib\site-packages\sklearn\preprocessing\_data.py", line 1094, in transform
    X = validate_data(
        ^^^^^^^^^^^^^^
  File "C:\Users\tempadmin\AppData\Local\Programs\Python\Python311-arm64\Lib\site-packages\sklearn\utils\validation.py", line 2923, in validate_data
    _check_n_features(_estimator, X, reset=reset)
  File "C:\Users\tempadmin\AppData\Local\Programs\Python\Python311-arm64\Lib\site-packages\sklearn\utils\validation.py", line 2787, in _check_n_features
    raise ValueError(
ValueError: X has 45 features, but StandardScaler is expecting 56 features as input.
[2026-05-28T21:05:11] $ 'C:\Users\tempadmin\AppData\Local\Programs\Python\Python311-arm64\python.exe' 'C:\Users\tempadmin\OneDrive\Coding\Syndicate\scripts\fetch_basketball_oddsapi_props_local.py' --league nba --date 2026-05-28 --out 'C:\Users\tempadmin\OneDrive\Coding\Syndicate\vendor\nba_betting_repo\data\raw\odds_nba_player_props_2026-05-28.csv' --regions us
C:\Users\tempadmin\OneDrive\Coding\Syndicate\scripts\fetch_basketball_oddsapi_props_local.py:193: Pandas4Warning: Timestamp.utcnow is deprecated and will be removed in a future version. Use Timestamp.now('UTC') instead.
  snapshot_ts = pd.Timestamp.utcnow().isoformat()
Wrote C:\Users\tempadmin\OneDrive\Coding\Syndicate\vendor\nba_betting_repo\data\raw\odds_nba_player_props_2026-05-28.csv with 2016 rows.
[2026-05-28T21:05:12] Materialized processed OddsAPI props snapshot alias: C:\Users\tempadmin\OneDrive\Coding\Syndicate\vendor\nba_betting_repo\data\processed\oddsapi_player_props_2026-05-28.csv (rows=2016)
[2026-05-28T21:05:12] $ 'C:\Users\tempadmin\AppData\Local\Programs\Python\Python311-arm64\python.exe' -m nba_betting.cli fetch-schedule
─────────────────────────────── Fetch Schedule ────────────────────────────────
Failed to fetch schedule: Failed to fetch NBA schedule payload: 403 Client 
Error: Forbidden for url: 
https://cdn.nba.com/static/json/staticData/scheduleLeagueV2_1.json
[2026-05-28T21:05:13] $ 'C:\Users\tempadmin\AppData\Local\Programs\Python\Python311-arm64\python.exe' -m nba_betting.cli predict-date --date 2026-05-28
─────────────────────────────── Predict (Date) ────────────────────────────────
C:\Users\tempadmin\OneDrive\Coding\Syndicate\vendor\nba_betting_repo\src\nba_betting\cli.py:13028: DeprecationWarning: ScoreboardV2 has known issues with line score data for 2025-26 season games (October 22 - December 25, 2025). Please use ScoreboardV3 instead. ScoreboardV3 is fully backward compatible and works for all historical seasons. See: https://github.com/swar/nba_api/issues/596
  sb = scoreboardv2.ScoreboardV2(game_date=date_str, day_offset=0, timeout=30)
Updating Elo ---------------------------------------- 100% 0:00:00
[Building enhanced features (45 features)...]

======================================================================
ENHANCED FEATURE ENGINEERING
======================================================================

[1/3] Building base features (ELO, rest, form, schedule)...
Built 44 base features

[2/3] Adding advanced statistics (pace, efficiency, Four Factors)...
Loaded advanced stats from C:\Users\tempadmin\OneDrive\Coding\Syndicate\vendor\nba_betting_repo\data\processed\team_advanced_stats_2025.csv
Added 13 advanced stats features
Added 19 advanced stat features

[3/3] Adding injury impact features...
No injury data found. Run: python -m nba_betting.cli fetch-injuries
Added 9 injury features

======================================================================
TOTAL FEATURES: 72
======================================================================

[NPU] Using NPU-accelerated predictions (ONNX + QNN)
[INFO][LOADING] Loading NBA Game Models with NPU acceleration...
[OK] Loaded 56 game features from feature_columns_enhanced.joblib
[OK] WIN_PROB loaded (CPU fallback from win_prob_enhanced.joblib)
[OK] SPREAD_MARGIN loaded (CPU fallback from spread_margin_enhanced.joblib)
[OK] TOTALS loaded (CPU fallback from totals_enhanced.joblib)
[OK] Loaded halves models: 6 CPU (ONNX not available)
[OK] Loaded quarters models: 12 CPU (ONNX not available)
[READY] Ready with 21 models (0 NPU-accelerated)
⚠️  NPU predictor not available: X has 45 features, but StandardScaler is 
expecting 56 features as input.
Falling back to sklearn models (requires sklearn installed)...
Traceback (most recent call last):
  File "C:\Users\tempadmin\OneDrive\Coding\Syndicate\vendor\nba_betting_repo\src\nba_betting\cli.py", line 12347, in _predict_from_matchups
    npu_results = npu_predictor.predict_batch(X_np, include_periods=True)
                  ^^^^^^^^^^^^^^^^^^^^^^^^^^^^^^^^^^^^^^^^^^^^^^^^^^^^^^^
  File "C:\Users\tempadmin\OneDrive\Coding\Syndicate\vendor\nba_betting_repo\src\nba_betting\games_npu.py", line 396, in predict_batch
    prediction = self.predict_game(game_features, include_periods)
                 ^^^^^^^^^^^^^^^^^^^^^^^^^^^^^^^^^^^^^^^^^^^^^^^^^
  File "C:\Users\tempadmin\OneDrive\Coding\Syndicate\vendor\nba_betting_repo\src\nba_betting\games_npu.py", line 320, in predict_game
    result = model.predict(features)
             ^^^^^^^^^^^^^^^^^^^^^^^
  File "C:\Users\tempadmin\AppData\Local\Programs\Python\Python311-arm64\Lib\site-packages\sklearn\pipeline.py", line 745, in predict
    Xt = transform.transform(Xt)
         ^^^^^^^^^^^^^^^^^^^^^^^
  File "C:\Users\tempadmin\AppData\Local\Programs\Python\Python311-arm64\Lib\site-packages\sklearn\utils\_set_output.py", line 316, in wrapped
    data_to_wrap = f(self, X, *args, **kwargs)
                   ^^^^^^^^^^^^^^^^^^^^^^^^^^^
  File "C:\Users\tempadmin\AppData\Local\Programs\Python\Python311-arm64\Lib\site-packages\sklearn\preprocessing\_data.py", line 1094, in transform
    X = validate_data(
        ^^^^^^^^^^^^^^
  File "C:\Users\tempadmin\AppData\Local\Programs\Python\Python311-arm64\Lib\site-packages\sklearn\utils\validation.py", line 2923, in validate_data
    _check_n_features(_estimator, X, reset=reset)
  File "C:\Users\tempadmin\AppData\Local\Programs\Python\Python311-arm64\Lib\site-packages\sklearn\utils\validation.py", line 2787, in _check_n_features
    raise ValueError(
ValueError: X has 45 features, but StandardScaler is expecting 56 features as input.

During handling of the above exception, another exception occurred:

Traceback (most recent call last):
  File "<frozen runpy>", line 198, in _run_module_as_main
  File "<frozen runpy>", line 88, in _run_code
  File "C:\Users\tempadmin\OneDrive\Coding\Syndicate\vendor\nba_betting_repo\src\nba_betting\cli.py", line 15314, in <module>
    cli()
  File "C:\Users\tempadmin\AppData\Local\Programs\Python\Python311-arm64\Lib\site-packages\click\core.py", line 1524, in __call__
    return self.main(*args, **kwargs)
           ^^^^^^^^^^^^^^^^^^^^^^^^^^
  File "C:\Users\tempadmin\AppData\Local\Programs\Python\Python311-arm64\Lib\site-packages\click\core.py", line 1445, in main
    rv = self.invoke(ctx)
         ^^^^^^^^^^^^^^^^
  File "C:\Users\tempadmin\AppData\Local\Programs\Python\Python311-arm64\Lib\site-packages\click\core.py", line 1912, in invoke
    return _process_result(sub_ctx.command.invoke(sub_ctx))
                           ^^^^^^^^^^^^^^^^^^^^^^^^^^^^^^^
  File "C:\Users\tempadmin\AppData\Local\Programs\Python\Python311-arm64\Lib\site-packages\click\core.py", line 1308, in invoke
    return ctx.invoke(self.callback, **ctx.params)
           ^^^^^^^^^^^^^^^^^^^^^^^^^^^^^^^^^^^^^^^
  File "C:\Users\tempadmin\AppData\Local\Programs\Python\Python311-arm64\Lib\site-packages\click\core.py", line 877, in invoke
    return callback(*args, **kwargs)
           ^^^^^^^^^^^^^^^^^^^^^^^^^
  File "C:\Users\tempadmin\OneDrive\Coding\Syndicate\vendor\nba_betting_repo\src\nba_betting\cli.py", line 13083, in predict_date_cmd
    res = _predict_from_matchups(slate)
          ^^^^^^^^^^^^^^^^^^^^^^^^^^^^^
  File "C:\Users\tempadmin\OneDrive\Coding\Syndicate\vendor\nba_betting_repo\src\nba_betting\cli.py", line 12402, in _predict_from_matchups
    res["home_win_prob"] = win_model.predict_proba(X)[:, 1]
                           ^^^^^^^^^^^^^^^^^^^^^^^^^^
  File "C:\Users\tempadmin\AppData\Local\Programs\Python\Python311-arm64\Lib\site-packages\sklearn\pipeline.py", line 858, in predict_proba
    Xt = transform.transform(Xt)
         ^^^^^^^^^^^^^^^^^^^^^^^
  File "C:\Users\tempadmin\AppData\Local\Programs\Python\Python311-arm64\Lib\site-packages\sklearn\utils\_set_output.py", line 316, in wrapped
    data_to_wrap = f(self, X, *args, **kwargs)
                   ^^^^^^^^^^^^^^^^^^^^^^^^^^^
  File "C:\Users\tempadmin\AppData\Local\Programs\Python\Python311-arm64\Lib\site-packages\sklearn\preprocessing\_data.py", line 1094, in transform
    X = validate_data(
        ^^^^^^^^^^^^^^
  File "C:\Users\tempadmin\AppData\Local\Programs\Python\Python311-arm64\Lib\site-packages\sklearn\utils\validation.py", line 2877, in validate_data
    _check_feature_names(_estimator, X, reset=reset)
  File "C:\Users\tempadmin\AppData\Local\Programs\Python\Python311-arm64\Lib\site-packages\sklearn\utils\validation.py", line 2729, in _check_feature_names
    raise ValueError(message)
ValueError: The feature names should match those that were passed during fit.
Feature names unseen at fit time:
- combined_pace
- home_def_rtg
- home_efg_pct
- home_ft_rate
- home_injuries_out
- ...

[2026-05-28T21:06:20] $ 'C:\Users\tempadmin\AppData\Local\Programs\Python\Python311-arm64\python.exe' 'C:\Users\tempadmin\OneDrive\Coding\Syndicate\scripts\fetch_basketball_oddsapi_props_local.py' --league nba --date 2026-05-28 --out 'C:\Users\tempadmin\OneDrive\Coding\Syndicate\vendor\nba_betting_repo\data\raw\odds_nba_player_props_2026-05-28.csv' --regions us
C:\Users\tempadmin\OneDrive\Coding\Syndicate\scripts\fetch_basketball_oddsapi_props_local.py:193: Pandas4Warning: Timestamp.utcnow is deprecated and will be removed in a future version. Use Timestamp.now('UTC') instead.
  snapshot_ts = pd.Timestamp.utcnow().isoformat()
Wrote C:\Users\tempadmin\OneDrive\Coding\Syndicate\vendor\nba_betting_repo\data\raw\odds_nba_player_props_2026-05-28.csv with 2016 rows.
[2026-05-28T21:06:21] Materialized processed OddsAPI props snapshot alias: C:\Users\tempadmin\OneDrive\Coding\Syndicate\vendor\nba_betting_repo\data\processed\oddsapi_player_props_2026-05-28.csv (rows=2016)
[2026-05-28T21:06:21] $ 'C:\Users\tempadmin\AppData\Local\Programs\Python\Python311-arm64\python.exe' -m nba_betting.cli fetch-schedule
─────────────────────────────── Fetch Schedule ────────────────────────────────
Failed to fetch schedule: Failed to fetch NBA schedule payload: 403 Client 
Error: Forbidden for url: 
https://cdn.nba.com/static/json/staticData/scheduleLeagueV2_1.json
[2026-05-28T21:06:22] $ 'C:\Users\tempadmin\AppData\Local\Programs\Python\Python311-arm64\python.exe' -m nba_betting.cli predict-date --date 2026-05-28
─────────────────────────────── Predict (Date) ────────────────────────────────
C:\Users\tempadmin\OneDrive\Coding\Syndicate\vendor\nba_betting_repo\src\nba_betting\cli.py:13046: DeprecationWarning: ScoreboardV2 has known issues with line score data for 2025-26 season games (October 22 - December 25, 2025). Please use ScoreboardV3 instead. ScoreboardV3 is fully backward compatible and works for all historical seasons. See: https://github.com/swar/nba_api/issues/596
  sb = scoreboardv2.ScoreboardV2(game_date=date_str, day_offset=0, timeout=30)
Updating Elo ---------------------------------------- 100% 0:00:00
[Building enhanced features (45 features)...]

======================================================================
ENHANCED FEATURE ENGINEERING
======================================================================

[1/3] Building base features (ELO, rest, form, schedule)...
Built 44 base features

[2/3] Adding advanced statistics (pace, efficiency, Four Factors)...
Loaded advanced stats from C:\Users\tempadmin\OneDrive\Coding\Syndicate\vendor\nba_betting_repo\data\processed\team_advanced_stats_2025.csv
Added 13 advanced stats features
Added 19 advanced stat features

[3/3] Adding injury impact features...
No injury data found. Run: python -m nba_betting.cli fetch-injuries
Added 9 injury features

======================================================================
TOTAL FEATURES: 72
======================================================================

[NPU] Using NPU-accelerated predictions (ONNX + QNN)
[INFO][LOADING] Loading NBA Game Models with NPU acceleration...
[OK] Loaded 56 game features from feature_columns_enhanced.joblib
[OK] WIN_PROB loaded (CPU fallback from win_prob_enhanced.joblib)
[OK] SPREAD_MARGIN loaded (CPU fallback from spread_margin_enhanced.joblib)
[OK] TOTALS loaded (CPU fallback from totals_enhanced.joblib)
[OK] Loaded halves models: 6 CPU (ONNX not available)
[OK] Loaded quarters models: 12 CPU (ONNX not available)
[READY] Ready with 21 models (0 NPU-accelerated)
⚠️  NPU predictor not available: X has 56 features, but StandardScaler is 
expecting 17 features as input.
Falling back to sklearn models (requires sklearn installed)...
{
    'game_odds_rows': 1,
    'output': 
'C:\\Users\\tempadmin\\OneDrive\\Coding\\Syndicate\\vendor\\nba_betting_repo\\d
ata\\processed\\game_odds_2026-05-28.csv'
}
Saved predictions to 
C:\Users\tempadmin\OneDrive\Coding\Syndicate\vendor\nba_betting_repo\data\proce
ssed\predictions_2026-05-28.csv
[WARN] Props model artifacts missing; using priors + rolling-stat fallback predictions
[2026-05-28T21:07:09] $ 'C:\Users\tempadmin\AppData\Local\Programs\Python\Python311-arm64\python.exe' -m nba_betting.cli export-recommendations --date 2026-05-28
{
    'rows': 2,
    'output': 
'C:\\Users\\tempadmin\\OneDrive\\Coding\\Syndicate\\vendor\\nba_betting_repo\\d
ata\\processed\\recommendations_2026-05-28.csv'
}
[2026-05-28T21:07:10] $ 'C:\Users\tempadmin\AppData\Local\Programs\Python\Python311-arm64\python.exe' -m nba_betting.cli export-game-cards --date 2026-05-28
────────────────────────────── Export Game Cards ──────────────────────────────
{
    'rows': 1,
    'output': 
'C:\\Users\\tempadmin\\OneDrive\\Coding\\Syndicate\\vendor\\nba_betting_repo\\d
ata\\processed\\game_cards_2026-05-28.csv'
}
[2026-05-28T21:07:12] removed stale export artifact after sim parity failure: C:\Users\tempadmin\OneDrive\Coding\Syndicate\vendor\nba_betting_repo\data\processed\game_cards_2026-05-28.csv
[2026-05-28T21:07:12] removed stale export artifact after sim parity failure: C:\Users\tempadmin\OneDrive\Coding\Syndicate\vendor\nba_betting_repo\data\processed\cards_sim_detail_2026-05-28.json
[2026-05-28T21:07:22] $ 'C:\Users\tempadmin\AppData\Local\Programs\Python\Python311-arm64\python.exe' 'C:\Users\tempadmin\OneDrive\Coding\Syndicate\scripts\fetch_basketball_oddsapi_props_local.py' --league nba --date 2026-05-28 --out 'C:\Users\tempadmin\OneDrive\Coding\Syndicate\vendor\nba_betting_repo\data\raw\odds_nba_player_props_2026-05-28.csv' --regions us
C:\Users\tempadmin\OneDrive\Coding\Syndicate\scripts\fetch_basketball_oddsapi_props_local.py:193: Pandas4Warning: Timestamp.utcnow is deprecated and will be removed in a future version. Use Timestamp.now('UTC') instead.
  snapshot_ts = pd.Timestamp.utcnow().isoformat()
Wrote C:\Users\tempadmin\OneDrive\Coding\Syndicate\vendor\nba_betting_repo\data\raw\odds_nba_player_props_2026-05-28.csv with 2012 rows.
[2026-05-28T21:07:23] Materialized processed OddsAPI props snapshot alias: C:\Users\tempadmin\OneDrive\Coding\Syndicate\vendor\nba_betting_repo\data\processed\oddsapi_player_props_2026-05-28.csv (rows=2012)
[2026-05-28T21:07:23] $ 'C:\Users\tempadmin\AppData\Local\Programs\Python\Python311-arm64\python.exe' -m nba_betting.cli fetch-schedule
─────────────────────────────── Fetch Schedule ────────────────────────────────
Failed to fetch schedule: Failed to fetch NBA schedule payload: 403 Client 
Error: Forbidden for url: 
https://cdn.nba.com/static/json/staticData/scheduleLeagueV2_1.json
[2026-05-28T21:07:24] $ 'C:\Users\tempadmin\AppData\Local\Programs\Python\Python311-arm64\python.exe' -m nba_betting.cli predict-date --date 2026-05-28
─────────────────────────────── Predict (Date) ────────────────────────────────
C:\Users\tempadmin\OneDrive\Coding\Syndicate\vendor\nba_betting_repo\src\nba_betting\cli.py:13046: DeprecationWarning: ScoreboardV2 has known issues with line score data for 2025-26 season games (October 22 - December 25, 2025). Please use ScoreboardV3 instead. ScoreboardV3 is fully backward compatible and works for all historical seasons. See: https://github.com/swar/nba_api/issues/596
  sb = scoreboardv2.ScoreboardV2(game_date=date_str, day_offset=0, timeout=30)
Updating Elo ---------------------------------------- 100% 0:00:00
[Building enhanced features (45 features)...]

======================================================================
ENHANCED FEATURE ENGINEERING
======================================================================

[1/3] Building base features (ELO, rest, form, schedule)...
Built 44 base features

[2/3] Adding advanced statistics (pace, efficiency, Four Factors)...
Loaded advanced stats from C:\Users\tempadmin\OneDrive\Coding\Syndicate\vendor\nba_betting_repo\data\processed\team_advanced_stats_2025.csv
Added 13 advanced stats features
Added 19 advanced stat features

[3/3] Adding injury impact features...
No injury data found. Run: python -m nba_betting.cli fetch-injuries
Added 9 injury features

======================================================================
TOTAL FEATURES: 72
======================================================================

[NPU] Using NPU-accelerated predictions (ONNX + QNN)
[INFO][LOADING] Loading NBA Game Models with NPU acceleration...
[OK] Loaded 56 game features from feature_columns_enhanced.joblib
[OK] WIN_PROB loaded (CPU fallback from win_prob_enhanced.joblib)
[OK] SPREAD_MARGIN loaded (CPU fallback from spread_margin_enhanced.joblib)
[OK] TOTALS loaded (CPU fallback from totals_enhanced.joblib)
[OK] Loaded halves models: 6 CPU (ONNX not available)
[OK] Loaded quarters models: 12 CPU (ONNX not available)
[READY] Ready with 21 models (0 NPU-accelerated)
⚠️  NPU predictor not available: X has 56 features, but StandardScaler is 
expecting 17 features as input.
Falling back to sklearn models (requires sklearn installed)...
{
    'game_odds_rows': 1,
    'output': 
'C:\\Users\\tempadmin\\OneDrive\\Coding\\Syndicate\\vendor\\nba_betting_repo\\d
ata\\processed\\game_odds_2026-05-28.csv'
}
Saved predictions to 
C:\Users\tempadmin\OneDrive\Coding\Syndicate\vendor\nba_betting_repo\data\proce
ssed\predictions_2026-05-28.csv
[WARN] Props model artifacts missing; using priors + rolling-stat fallback predictions
[2026-05-28T21:07:45] $ 'C:\Users\tempadmin\AppData\Local\Programs\Python\Python311-arm64\python.exe' -m nba_betting.cli export-game-cards --date 2026-05-28
────────────────────────────── Export Game Cards ──────────────────────────────
{
    'rows': 1,
    'output': 
'C:\\Users\\tempadmin\\OneDrive\\Coding\\Syndicate\\vendor\\nba_betting_repo\\d
ata\\processed\\game_cards_2026-05-28.csv'
}
[2026-05-28T21:07:50] $ 'C:\Users\tempadmin\AppData\Local\Programs\Python\Python311-arm64\python.exe' 'C:\Users\tempadmin\OneDrive\Coding\Syndicate\scripts\fetch_basketball_oddsapi_props_local.py' --league nba --date 2026-05-28 --out 'C:\Users\tempadmin\OneDrive\Coding\Syndicate\vendor\nba_betting_repo\data\raw\odds_nba_player_props_2026-05-28.csv' --regions us
ERROR: Missing ODDS_API_KEY; set in environment or pass --api-key
[2026-05-28T21:07:51] Materialized processed OddsAPI props snapshot alias: C:\Users\tempadmin\OneDrive\Coding\Syndicate\vendor\nba_betting_repo\data\processed\oddsapi_player_props_2026-05-28.csv (rows=2012)
[2026-05-28T21:07:51] $ 'C:\Users\tempadmin\AppData\Local\Programs\Python\Python311-arm64\python.exe' -m nba_betting.cli fetch-schedule
─────────────────────────────── Fetch Schedule ────────────────────────────────
Failed to fetch schedule: Failed to fetch NBA schedule payload: 403 Client 
Error: Forbidden for url: 
https://cdn.nba.com/static/json/staticData/scheduleLeagueV2_1.json
[2026-05-28T21:07:52] $ 'C:\Users\tempadmin\AppData\Local\Programs\Python\Python311-arm64\python.exe' -m nba_betting.cli predict-date --date 2026-05-28
─────────────────────────────── Predict (Date) ────────────────────────────────
C:\Users\tempadmin\OneDrive\Coding\Syndicate\vendor\nba_betting_repo\src\nba_betting\cli.py:13046: DeprecationWarning: ScoreboardV2 has known issues with line score data for 2025-26 season games (October 22 - December 25, 2025). Please use ScoreboardV3 instead. ScoreboardV3 is fully backward compatible and works for all historical seasons. See: https://github.com/swar/nba_api/issues/596
  sb = scoreboardv2.ScoreboardV2(game_date=date_str, day_offset=0, timeout=30)
Updating Elo ---------------------------------------- 100% 0:00:00
[Building enhanced features (45 features)...]

======================================================================
ENHANCED FEATURE ENGINEERING
======================================================================

[1/3] Building base features (ELO, rest, form, schedule)...
Built 44 base features

[2/3] Adding advanced statistics (pace, efficiency, Four Factors)...
Loaded advanced stats from C:\Users\tempadmin\OneDrive\Coding\Syndicate\vendor\nba_betting_repo\data\processed\team_advanced_stats_2025.csv
Added 13 advanced stats features
Added 19 advanced stat features

[3/3] Adding injury impact features...
No injury data found. Run: python -m nba_betting.cli fetch-injuries
Added 9 injury features

======================================================================
TOTAL FEATURES: 72
======================================================================

[NPU] Using NPU-accelerated predictions (ONNX + QNN)
[INFO][LOADING] Loading NBA Game Models with NPU acceleration...
[OK] Loaded 56 game features from feature_columns_enhanced.joblib
[OK] WIN_PROB loaded (CPU fallback from win_prob_enhanced.joblib)
[OK] SPREAD_MARGIN loaded (CPU fallback from spread_margin_enhanced.joblib)
[OK] TOTALS loaded (CPU fallback from totals_enhanced.joblib)
[OK] Loaded halves models: 6 CPU (ONNX not available)
[OK] Loaded quarters models: 12 CPU (ONNX not available)
[READY] Ready with 21 models (0 NPU-accelerated)
⚠️  NPU predictor not available: X has 56 features, but StandardScaler is 
expecting 17 features as input.
Falling back to sklearn models (requires sklearn installed)...
{
    'game_odds_rows': 1,
    'output': 
'C:\\Users\\tempadmin\\OneDrive\\Coding\\Syndicate\\vendor\\nba_betting_repo\\d
ata\\processed\\game_odds_2026-05-28.csv'
}
Saved predictions to 
C:\Users\tempadmin\OneDrive\Coding\Syndicate\vendor\nba_betting_repo\data\proce
ssed\predictions_2026-05-28.csv
[WARN] Props model artifacts missing; using priors + rolling-stat fallback predictions
[2026-05-28T21:08:51] $ 'C:\Users\tempadmin\AppData\Local\Programs\Python\Python311-arm64\python.exe' 'C:\Users\tempadmin\OneDrive\Coding\Syndicate\scripts\fetch_basketball_oddsapi_props_local.py' --league nba --date 2026-05-28 --out 'C:\Users\tempadmin\OneDrive\Coding\Syndicate\vendor\nba_betting_repo\data\raw\odds_nba_player_props_2026-05-28.csv' --regions us
C:\Users\tempadmin\OneDrive\Coding\Syndicate\scripts\fetch_basketball_oddsapi_props_local.py:193: Pandas4Warning: Timestamp.utcnow is deprecated and will be removed in a future version. Use Timestamp.now('UTC') instead.
  snapshot_ts = pd.Timestamp.utcnow().isoformat()
Wrote C:\Users\tempadmin\OneDrive\Coding\Syndicate\vendor\nba_betting_repo\data\raw\odds_nba_player_props_2026-05-28.csv with 2014 rows.
[2026-05-28T21:08:52] Materialized processed OddsAPI props snapshot alias: C:\Users\tempadmin\OneDrive\Coding\Syndicate\vendor\nba_betting_repo\data\processed\oddsapi_player_props_2026-05-28.csv (rows=2014)
[2026-05-28T21:08:52] $ 'C:\Users\tempadmin\AppData\Local\Programs\Python\Python311-arm64\python.exe' -m nba_betting.cli fetch-schedule
─────────────────────────────── Fetch Schedule ────────────────────────────────
Failed to fetch schedule: Failed to fetch NBA schedule payload: 403 Client 
Error: Forbidden for url: 
https://cdn.nba.com/static/json/staticData/scheduleLeagueV2_1.json
[2026-05-28T21:08:53] $ 'C:\Users\tempadmin\AppData\Local\Programs\Python\Python311-arm64\python.exe' -m nba_betting.cli predict-date --date 2026-05-28
─────────────────────────────── Predict (Date) ────────────────────────────────
C:\Users\tempadmin\OneDrive\Coding\Syndicate\vendor\nba_betting_repo\src\nba_betting\cli.py:13046: DeprecationWarning: ScoreboardV2 has known issues with line score data for 2025-26 season games (October 22 - December 25, 2025). Please use ScoreboardV3 instead. ScoreboardV3 is fully backward compatible and works for all historical seasons. See: https://github.com/swar/nba_api/issues/596
  sb = scoreboardv2.ScoreboardV2(game_date=date_str, day_offset=0, timeout=30)
Updating Elo ---------------------------------------- 100% 0:00:00
[Building enhanced features (45 features)...]

======================================================================
ENHANCED FEATURE ENGINEERING
======================================================================

[1/3] Building base features (ELO, rest, form, schedule)...
Built 44 base features

[2/3] Adding advanced statistics (pace, efficiency, Four Factors)...
Loaded advanced stats from C:\Users\tempadmin\OneDrive\Coding\Syndicate\vendor\nba_betting_repo\data\processed\team_advanced_stats_2025.csv
Added 13 advanced stats features
Added 19 advanced stat features

[3/3] Adding injury impact features...
No injury data found. Run: python -m nba_betting.cli fetch-injuries
Added 9 injury features

======================================================================
TOTAL FEATURES: 72
======================================================================

[NPU] Using NPU-accelerated predictions (ONNX + QNN)
[INFO][LOADING] Loading NBA Game Models with NPU acceleration...
[OK] Loaded 56 game features from feature_columns_enhanced.joblib
[OK] WIN_PROB loaded (CPU fallback from win_prob_enhanced.joblib)
[OK] SPREAD_MARGIN loaded (CPU fallback from spread_margin_enhanced.joblib)
[OK] TOTALS loaded (CPU fallback from totals_enhanced.joblib)
[OK] Loaded halves models: 6 CPU (ONNX not available)
[OK] Loaded quarters models: 12 CPU (ONNX not available)
[READY] Ready with 21 models (0 NPU-accelerated)
⚠️  NPU predictor not available: X has 56 features, but StandardScaler is 
expecting 17 features as input.
Falling back to sklearn models (requires sklearn installed)...
{
    'game_odds_rows': 1,
    'output': 
'C:\\Users\\tempadmin\\OneDrive\\Coding\\Syndicate\\vendor\\nba_betting_repo\\d
ata\\processed\\game_odds_2026-05-28.csv'
}
Saved predictions to 
C:\Users\tempadmin\OneDrive\Coding\Syndicate\vendor\nba_betting_repo\data\proce
ssed\predictions_2026-05-28.csv
[WARN] Props model artifacts missing; using priors + rolling-stat fallback predictions
